warning: in the working copy of 'apps/cli/config/agent-presets/mcmod/skills/minecraft-environment-doctor/SKILL.md', CRLF will be replaced by LF the next time Git touches it
warning: in the working copy of 'apps/desktop/renderer/tsconfig.json', CRLF will be replaced by LF the next time Git touches it
warning: in the working copy of 'apps/desktop/src/commands.ts', CRLF will be replaced by LF the next time Git touches it
warning: in the working copy of 'apps/desktop/tests/backend.spec.ts', CRLF will be replaced by LF the next time Git touches it
warning: in the working copy of 'apps/desktop/tests/commands.spec.ts', CRLF will be replaced by LF the next time Git touches it
warning: in the working copy of 'packages/bundle/mcmod-headless/README.md', CRLF will be replaced by LF the next time Git touches it
warning: in the working copy of 'packages/bundle/mcmod-headless/README.zh.md', CRLF will be replaced by LF the next time Git touches it
warning: in the working copy of 'packages/bundle/mcmod-headless/skills/minecraft-environment-doctor/SKILL.md', CRLF will be replaced by LF the next time Git touches it
warning: in the working copy of 'packages/bundle/mcmod/README.md', CRLF will be replaced by LF the next time Git touches it
warning: in the working copy of 'packages/bundle/mcmod/README.zh.md', CRLF will be replaced by LF the next time Git touches it
warning: in the working copy of 'packages/bundle/mcmod/tests/mcmod.spec.ts', CRLF will be replaced by LF the next time Git touches it
warning: in the working copy of 'packages/client/runtime/README.md', CRLF will be replaced by LF the next time Git touches it
warning: in the working copy of 'packages/client/runtime/README.zh.md', CRLF will be replaced by LF the next time Git touches it
warning: in the working copy of 'packages/client/ui-layout/tests/service.client.spec.ts', CRLF will be replaced by LF the next time Git touches it
warning: in the working copy of 'packages/client/ui-settings-general/src/client/SettingsRoot.tsx', CRLF will be replaced by LF the next time Git touches it
warning: in the working copy of 'packages/client/ui-settings-general/src/client/shell-contract.ts', CRLF will be replaced by LF the next time Git touches it
warning: in the working copy of 'packages/client/ui-settings/README.md', CRLF will be replaced by LF the next time Git touches it
warning: in the working copy of 'packages/client/ui-settings/README.zh.md', CRLF will be replaced by LF the next time Git touches it
warning: in the working copy of 'packages/minecraft/mcmod-agent/README.md', CRLF will be replaced by LF the next time Git touches it
warning: in the working copy of 'packages/minecraft/mcmod-agent/README.zh.md', CRLF will be replaced by LF the next time Git touches it
warning: in the working copy of 'packages/minecraft/mcmod-agent/src/index.ts', CRLF will be replaced by LF the next time Git touches it
warning: in the working copy of 'packages/minecraft/tool-mc-bootstrap/src/index.ts', CRLF will be replaced by LF the next time Git touches it
warning: in the working copy of 'packages/minecraft/tool-mc-project/README.md', CRLF will be replaced by LF the next time Git touches it
warning: in the working copy of 'packages/minecraft/tool-mc-project/README.zh.md', CRLF will be replaced by LF the next time Git touches it
warning: in the working copy of 'packages/minecraft/tool-mc-project/package.json', CRLF will be replaced by LF the next time Git touches it
warning: in the working copy of 'tsconfig.base.json', CRLF will be replaced by LF the next time Git touches it
warning: in the working copy of 'tsconfig.host.json', CRLF will be replaced by LF the next time Git touches it
