The plugin "vite-tsconfig-paths" is detected. Vite now supports tsconfig paths resolution natively via the resolve.tsconfigPaths option. You can remove the plugin and set resolve.tsconfigPaths: true in your Vite config instead.

 RUN  v4.1.8 E:/.sake/Desktop/craftcode

x·

⎯⎯⎯⎯⎯⎯⎯ Failed Tests 1 ⎯⎯⎯⎯⎯⎯⎯

 FAIL  apps/desktop/renderer/tests/mcmod-bootstrap.e2e.ts > web e2e: New Mod waits for a successful build before opening a session > keeps workspace/session/model creation behind the ready transition
TimeoutError: locator.waitFor: Timeout 10000ms exceeded.
Call log:
  - waiting for getByRole('dialog', { name: 'New Minecraft Mod' }).getByText('Running first build', { exact: true }) to be visible

 ❯ apps/desktop/renderer/tests/mcmod-bootstrap.e2e.ts:151:25
    149|     await dialog.getByRole('button', { name: 'Create and build' }).cli…
    150|     const runningStatus = dialog.getByText('Running first build', { ex…
    151|     await runningStatus.waitFor({ timeout: 10_000 })
       |                         ^
    152|     await page.keyboard.press('Escape')
    153|     expect(await dialog.isVisible()).toBe(true)

⎯⎯⎯⎯⎯⎯⎯⎯⎯⎯⎯⎯⎯⎯⎯⎯⎯⎯⎯⎯⎯⎯⎯⎯[1/1]⎯


 Test Files  1 failed | 1 passed (2)
      Tests  1 failed | 1 passed (2)
   Start at  02:27:36
   Duration  19.64s (transform 683ms, setup 0ms, import 1.81s, tests 17.55s, environment 0ms)

