$ vitest run --config vitest.desktop-renderer.config.ts
The plugin "vite-tsconfig-paths" is detected. Vite now supports tsconfig paths resolution natively via the resolve.tsconfigPaths option. You can remove the plugin and set resolve.tsconfigPaths: true in your Vite config instead.

 RUN  v4.1.8 E:/.sake/Desktop/craftcode

stderr | apps/desktop/renderer/tests/image-display.snapshot.ts > accepts pasted images into the composer rail in order and removes them
[ui-cordis] reading the Cordis inventory failed: Error: internal: client api: dynamicCordisRunner/inventory failed: fixture connection RPC endpoint "dynamicCordisRunner/inventory" is unavailable
    at Object.inventory (eval at loadBundle (E:/.sake/Desktop/craftcode/apps/desktop/renderer/tests/assembled-boot.ts:217:14), <anonymous>:1304:30)

stderr | apps/desktop/renderer/tests/image-display.snapshot.ts > accepts pasted images into the composer rail in order and removes them
[cordis-client-runner] syncing inspect providers failed: Error: internal: client api: dynamicCordisRunner/syncInspectManifest failed: fixture connection RPC endpoint "dynamicCordisRunner/syncInspectManifest" is unavailable
    at Object.sync (eval at loadBundle (E:/.sake/Desktop/craftcode/apps/desktop/renderer/tests/assembled-boot.ts:217:14), <anonymous>:4245:30)
    at eval (eval at loadBundle (E:/.sake/Desktop/craftcode/apps/desktop/renderer/tests/assembled-boot.ts:217:14), <anonymous>:1023:7)

stderr | apps/desktop/renderer/tests/image-display.snapshot.ts > accepts pasted images into the composer rail in order and removes them
[ui-cordis] reading the Cordis inventory failed: Error: internal: client api: dynamicCordisRunner/inventory failed: fixture connection RPC endpoint "dynamicCordisRunner/inventory" is unavailable
    at Object.inventory (eval at loadBundle (E:/.sake/Desktop/craftcode/apps/desktop/renderer/tests/assembled-boot.ts:217:14), <anonymous>:1304:30)

stderr | apps/desktop/renderer/tests/image-display.snapshot.ts > accepts pasted images into the composer rail in order and removes them
[cordis-client-runner] syncing inspect providers failed: Error: client api: dynamicCordisRunner/syncInspectManifest has no active Connection
    at Proxy.invoke (eval at loadBundle (E:/.sake/Desktop/craftcode/apps/desktop/renderer/tests/assembled-boot.ts:217:14), <anonymous>:239:38)
    at Object.apply (E:/.sake/Desktop/craftcode/vendor/cordis/src/utils.ts:160:40)
    at Proxy.invokeMethod (eval at loadBundle (E:/.sake/Desktop/craftcode/apps/desktop/renderer/tests/assembled-boot.ts:217:14), <anonymous>:210:40)
    at Object.apply (E:/.sake/Desktop/craftcode/vendor/cordis/src/utils.ts:160:40)
    at Proxy.eval (eval at loadBundle (E:/.sake/Desktop/craftcode/apps/desktop/renderer/tests/assembled-boot.ts:217:14), <anonymous>:178:94)
    at Object.apply (E:/.sake/Desktop/craftcode/vendor/cordis/src/utils.ts:160:40)
    at Proxy.eval (eval at loadBundle (E:/.sake/Desktop/craftcode/apps/desktop/renderer/tests/assembled-boot.ts:217:14), <anonymous>:308:21)
    at Object.apply (E:/.sake/Desktop/craftcode/vendor/cordis/src/utils.ts:160:40)
    at Object.sync (eval at loadBundle (E:/.sake/Desktop/craftcode/apps/desktop/renderer/tests/assembled-boot.ts:217:14), <anonymous>:4244:60)
    at eval (eval at loadBundle (E:/.sake/Desktop/craftcode/apps/desktop/renderer/tests/assembled-boot.ts:217:14), <anonymous>:1023:23)

stderr | apps/desktop/renderer/tests/image-display.snapshot.ts > accepts a whole-page drop under the limits-labeled overlay and refuses an over-limit batch at intake
[ui-cordis] reading the Cordis inventory failed: Error: internal: client api: dynamicCordisRunner/inventory failed: fixture connection RPC endpoint "dynamicCordisRunner/inventory" is unavailable
    at Object.inventory (eval at loadBundle (E:/.sake/Desktop/craftcode/apps/desktop/renderer/tests/assembled-boot.ts:217:14), <anonymous>:1304:30)

stderr | apps/desktop/renderer/tests/image-display.snapshot.ts > accepts a whole-page drop under the limits-labeled overlay and refuses an over-limit batch at intake
[cordis-client-runner] syncing inspect providers failed: Error: internal: client api: dynamicCordisRunner/syncInspectManifest failed: fixture connection RPC endpoint "dynamicCordisRunner/syncInspectManifest" is unavailable
    at Object.sync (eval at loadBundle (E:/.sake/Desktop/craftcode/apps/desktop/renderer/tests/assembled-boot.ts:217:14), <anonymous>:4245:30)
    at eval (eval at loadBundle (E:/.sake/Desktop/craftcode/apps/desktop/renderer/tests/assembled-boot.ts:217:14), <anonymous>:1023:7)

stderr | apps/desktop/renderer/tests/image-display.snapshot.ts > accepts a whole-page drop under the limits-labeled overlay and refuses an over-limit batch at intake
[ui-cordis] reading the Cordis inventory failed: Error: internal: client api: dynamicCordisRunner/inventory failed: fixture connection RPC endpoint "dynamicCordisRunner/inventory" is unavailable
    at Object.inventory (eval at loadBundle (E:/.sake/Desktop/craftcode/apps/desktop/renderer/tests/assembled-boot.ts:217:14), <anonymous>:1304:30)

stderr | apps/desktop/renderer/tests/image-display.snapshot.ts > accepts a whole-page drop under the limits-labeled overlay and refuses an over-limit batch at intake
[cordis-client-runner] syncing inspect providers failed: Error: client api: dynamicCordisRunner/syncInspectManifest has no active Connection
    at Proxy.invoke (eval at loadBundle (E:/.sake/Desktop/craftcode/apps/desktop/renderer/tests/assembled-boot.ts:217:14), <anonymous>:239:38)
    at Object.apply (E:/.sake/Desktop/craftcode/vendor/cordis/src/utils.ts:160:40)
    at Proxy.invokeMethod (eval at loadBundle (E:/.sake/Desktop/craftcode/apps/desktop/renderer/tests/assembled-boot.ts:217:14), <anonymous>:210:40)
    at Object.apply (E:/.sake/Desktop/craftcode/vendor/cordis/src/utils.ts:160:40)
    at Proxy.eval (eval at loadBundle (E:/.sake/Desktop/craftcode/apps/desktop/renderer/tests/assembled-boot.ts:217:14), <anonymous>:178:94)
    at Object.apply (E:/.sake/Desktop/craftcode/vendor/cordis/src/utils.ts:160:40)
    at Proxy.eval (eval at loadBundle (E:/.sake/Desktop/craftcode/apps/desktop/renderer/tests/assembled-boot.ts:217:14), <anonymous>:308:21)
    at Object.apply (E:/.sake/Desktop/craftcode/vendor/cordis/src/utils.ts:160:40)
    at Object.sync (eval at loadBundle (E:/.sake/Desktop/craftcode/apps/desktop/renderer/tests/assembled-boot.ts:217:14), <anonymous>:4244:60)
    at eval (eval at loadBundle (E:/.sake/Desktop/craftcode/apps/desktop/renderer/tests/assembled-boot.ts:217:14), <anonymous>:1023:23)

stderr | apps/desktop/renderer/tests/image-display.snapshot.ts > renders a host dimension rejection with the projected 2000px limit
[ui-cordis] reading the Cordis inventory failed: Error: internal: client api: dynamicCordisRunner/inventory failed: fixture connection RPC endpoint "dynamicCordisRunner/inventory" is unavailable
    at Object.inventory (eval at loadBundle (E:/.sake/Desktop/craftcode/apps/desktop/renderer/tests/assembled-boot.ts:217:14), <anonymous>:1304:30)

stderr | apps/desktop/renderer/tests/image-display.snapshot.ts > renders a host dimension rejection with the projected 2000px limit
[cordis-client-runner] syncing inspect providers failed: Error: internal: client api: dynamicCordisRunner/syncInspectManifest failed: fixture connection RPC endpoint "dynamicCordisRunner/syncInspectManifest" is unavailable
    at Object.sync (eval at loadBundle (E:/.sake/Desktop/craftcode/apps/desktop/renderer/tests/assembled-boot.ts:217:14), <anonymous>:4245:30)
    at eval (eval at loadBundle (E:/.sake/Desktop/craftcode/apps/desktop/renderer/tests/assembled-boot.ts:217:14), <anonymous>:1023:7)

stderr | apps/desktop/renderer/tests/image-display.snapshot.ts > renders a host dimension rejection with the projected 2000px limit
[ui-cordis] reading the Cordis inventory failed: Error: internal: client api: dynamicCordisRunner/inventory failed: fixture connection RPC endpoint "dynamicCordisRunner/inventory" is unavailable
    at Object.inventory (eval at loadBundle (E:/.sake/Desktop/craftcode/apps/desktop/renderer/tests/assembled-boot.ts:217:14), <anonymous>:1304:30)

stderr | apps/desktop/renderer/tests/image-display.snapshot.ts > renders a host dimension rejection with the projected 2000px limit
[cordis-client-runner] syncing inspect providers failed: Error: client api: dynamicCordisRunner/syncInspectManifest has no active Connection
    at Proxy.invoke (eval at loadBundle (E:/.sake/Desktop/craftcode/apps/desktop/renderer/tests/assembled-boot.ts:217:14), <anonymous>:239:38)
    at Object.apply (E:/.sake/Desktop/craftcode/vendor/cordis/src/utils.ts:160:40)
    at Proxy.invokeMethod (eval at loadBundle (E:/.sake/Desktop/craftcode/apps/desktop/renderer/tests/assembled-boot.ts:217:14), <anonymous>:210:40)
    at Object.apply (E:/.sake/Desktop/craftcode/vendor/cordis/src/utils.ts:160:40)
    at Proxy.eval (eval at loadBundle (E:/.sake/Desktop/craftcode/apps/desktop/renderer/tests/assembled-boot.ts:217:14), <anonymous>:178:94)
    at Object.apply (E:/.sake/Desktop/craftcode/vendor/cordis/src/utils.ts:160:40)
    at Proxy.eval (eval at loadBundle (E:/.sake/Desktop/craftcode/apps/desktop/renderer/tests/assembled-boot.ts:217:14), <anonymous>:308:21)
    at Object.apply (E:/.sake/Desktop/craftcode/vendor/cordis/src/utils.ts:160:40)
    at Object.sync (eval at loadBundle (E:/.sake/Desktop/craftcode/apps/desktop/renderer/tests/assembled-boot.ts:217:14), <anonymous>:4244:60)
    at eval (eval at loadBundle (E:/.sake/Desktop/craftcode/apps/desktop/renderer/tests/assembled-boot.ts:217:14), <anonymous>:1023:23)

 ❯ apps/desktop/renderer/tests/image-display.snapshot.ts (4 tests | 3 failed) 33899ms
   × accepts pasted images into the composer rail in order and removes them 10855ms
   × accepts a whole-page drop under the limits-labeled overlay and refuses an over-limit batch at intake 10478ms
   × renders a host dimension rejection with the projected 2000px limit 10510ms
stderr | apps/desktop/renderer/tests/command-image-envelope.snapshot.ts > refuses an image-carrying submit to a non-declaring command and keeps draft and images
[ui-cordis] reading the Cordis inventory failed: Error: internal: client api: dynamicCordisRunner/inventory failed: fixture connection RPC endpoint "dynamicCordisRunner/inventory" is unavailable
    at Object.inventory (eval at loadBundle (E:/.sake/Desktop/craftcode/apps/desktop/renderer/tests/assembled-boot.ts:217:14), <anonymous>:1304:30)
    at processTicksAndRejections (node:internal/process/task_queues:104:5)

stderr | apps/desktop/renderer/tests/command-image-envelope.snapshot.ts > refuses an image-carrying submit to a non-declaring command and keeps draft and images
[cordis-client-runner] syncing inspect providers failed: Error: internal: client api: dynamicCordisRunner/syncInspectManifest failed: fixture connection RPC endpoint "dynamicCordisRunner/syncInspectManifest" is unavailable
    at Object.sync (eval at loadBundle (E:/.sake/Desktop/craftcode/apps/desktop/renderer/tests/assembled-boot.ts:217:14), <anonymous>:4245:30)
    at processTicksAndRejections (node:internal/process/task_queues:104:5)
    at eval (eval at loadBundle (E:/.sake/Desktop/craftcode/apps/desktop/renderer/tests/assembled-boot.ts:217:14), <anonymous>:1023:7)

stderr | apps/desktop/renderer/tests/command-image-envelope.snapshot.ts > refuses an image-carrying submit to a non-declaring command and keeps draft and images
[ui-cordis] reading the Cordis inventory failed: Error: internal: client api: dynamicCordisRunner/inventory failed: fixture connection RPC endpoint "dynamicCordisRunner/inventory" is unavailable
    at Object.inventory (eval at loadBundle (E:/.sake/Desktop/craftcode/apps/desktop/renderer/tests/assembled-boot.ts:217:14), <anonymous>:1304:30)

stderr | apps/desktop/renderer/tests/command-image-envelope.snapshot.ts > refuses an image-carrying submit to a non-declaring command and keeps draft and images
[cordis-client-runner] syncing inspect providers failed: Error: client api: dynamicCordisRunner/syncInspectManifest has no active Connection
    at Proxy.invoke (eval at loadBundle (E:/.sake/Desktop/craftcode/apps/desktop/renderer/tests/assembled-boot.ts:217:14), <anonymous>:239:38)
    at Object.apply (E:/.sake/Desktop/craftcode/vendor/cordis/src/utils.ts:160:40)
    at Proxy.invokeMethod (eval at loadBundle (E:/.sake/Desktop/craftcode/apps/desktop/renderer/tests/assembled-boot.ts:217:14), <anonymous>:210:40)
    at Object.apply (E:/.sake/Desktop/craftcode/vendor/cordis/src/utils.ts:160:40)
    at Proxy.eval (eval at loadBundle (E:/.sake/Desktop/craftcode/apps/desktop/renderer/tests/assembled-boot.ts:217:14), <anonymous>:178:94)
    at Object.apply (E:/.sake/Desktop/craftcode/vendor/cordis/src/utils.ts:160:40)
    at Proxy.eval (eval at loadBundle (E:/.sake/Desktop/craftcode/apps/desktop/renderer/tests/assembled-boot.ts:217:14), <anonymous>:308:21)
    at Object.apply (E:/.sake/Desktop/craftcode/vendor/cordis/src/utils.ts:160:40)
    at Object.sync (eval at loadBundle (E:/.sake/Desktop/craftcode/apps/desktop/renderer/tests/assembled-boot.ts:217:14), <anonymous>:4244:60)
    at eval (eval at loadBundle (E:/.sake/Desktop/craftcode/apps/desktop/renderer/tests/assembled-boot.ts:217:14), <anonymous>:1023:23)

stderr | apps/desktop/renderer/tests/command-image-envelope.snapshot.ts > consumes images through a declaring command and clears the composer on success
[ui-cordis] reading the Cordis inventory failed: Error: internal: client api: dynamicCordisRunner/inventory failed: fixture connection RPC endpoint "dynamicCordisRunner/inventory" is unavailable
    at Object.inventory (eval at loadBundle (E:/.sake/Desktop/craftcode/apps/desktop/renderer/tests/assembled-boot.ts:217:14), <anonymous>:1304:30)

stderr | apps/desktop/renderer/tests/command-image-envelope.snapshot.ts > consumes images through a declaring command and clears the composer on success
[cordis-client-runner] syncing inspect providers failed: Error: internal: client api: dynamicCordisRunner/syncInspectManifest failed: fixture connection RPC endpoint "dynamicCordisRunner/syncInspectManifest" is unavailable
    at Object.sync (eval at loadBundle (E:/.sake/Desktop/craftcode/apps/desktop/renderer/tests/assembled-boot.ts:217:14), <anonymous>:4245:30)
    at eval (eval at loadBundle (E:/.sake/Desktop/craftcode/apps/desktop/renderer/tests/assembled-boot.ts:217:14), <anonymous>:1023:7)

stderr | apps/desktop/renderer/tests/command-image-envelope.snapshot.ts > consumes images through a declaring command and clears the composer on success
[ui-cordis] reading the Cordis inventory failed: Error: internal: client api: dynamicCordisRunner/inventory failed: fixture connection RPC endpoint "dynamicCordisRunner/inventory" is unavailable
    at Object.inventory (eval at loadBundle (E:/.sake/Desktop/craftcode/apps/desktop/renderer/tests/assembled-boot.ts:217:14), <anonymous>:1304:30)

stderr | apps/desktop/renderer/tests/command-image-envelope.snapshot.ts > consumes images through a declaring command and clears the composer on success
[cordis-client-runner] syncing inspect providers failed: Error: client api: dynamicCordisRunner/syncInspectManifest has no active Connection
    at Proxy.invoke (eval at loadBundle (E:/.sake/Desktop/craftcode/apps/desktop/renderer/tests/assembled-boot.ts:217:14), <anonymous>:239:38)
    at Object.apply (E:/.sake/Desktop/craftcode/vendor/cordis/src/utils.ts:160:40)
    at Proxy.invokeMethod (eval at loadBundle (E:/.sake/Desktop/craftcode/apps/desktop/renderer/tests/assembled-boot.ts:217:14), <anonymous>:210:40)
    at Object.apply (E:/.sake/Desktop/craftcode/vendor/cordis/src/utils.ts:160:40)
    at Proxy.eval (eval at loadBundle (E:/.sake/Desktop/craftcode/apps/desktop/renderer/tests/assembled-boot.ts:217:14), <anonymous>:178:94)
    at Object.apply (E:/.sake/Desktop/craftcode/vendor/cordis/src/utils.ts:160:40)
    at Proxy.eval (eval at loadBundle (E:/.sake/Desktop/craftcode/apps/desktop/renderer/tests/assembled-boot.ts:217:14), <anonymous>:308:21)
    at Object.apply (E:/.sake/Desktop/craftcode/vendor/cordis/src/utils.ts:160:40)
    at Object.sync (eval at loadBundle (E:/.sake/Desktop/craftcode/apps/desktop/renderer/tests/assembled-boot.ts:217:14), <anonymous>:4244:60)
    at eval (eval at loadBundle (E:/.sake/Desktop/craftcode/apps/desktop/renderer/tests/assembled-boot.ts:217:14), <anonymous>:1023:23)

stderr | apps/desktop/renderer/tests/command-image-envelope.snapshot.ts > submits a bare /plan with an image as an image-only plan request
[ui-cordis] reading the Cordis inventory failed: Error: internal: client api: dynamicCordisRunner/inventory failed: fixture connection RPC endpoint "dynamicCordisRunner/inventory" is unavailable
    at Object.inventory (eval at loadBundle (E:/.sake/Desktop/craftcode/apps/desktop/renderer/tests/assembled-boot.ts:217:14), <anonymous>:1304:30)
 ❯ apps/desktop/renderer/tests/command-image-envelope.snapshot.ts (3 tests | 3 failed) 32223ms

stderr | apps/desktop/renderer/tests/command-image-envelope.snapshot.ts > submits a bare /plan with an image as an image-only plan request
[cordis-client-runner] syncing inspect providers failed: Error: internal: client api: dynamicCordisRunner/syncInspectManifest failed: fixture connection RPC endpoint "dynamicCordisRunner/syncInspectManifest" is unavailable
    at Object.sync (eval at loadBundle (E:/.sake/Desktop/craftcode/apps/desktop/renderer/tests/assembled-boot.ts:217:14), <anonymous>:4245:30)
    at eval (eval at loadBundle (E:/.sake/Desktop/craftcode/apps/desktop/renderer/tests/assembled-boot.ts:217:14), <anonymous>:1023:7)

stderr | apps/desktop/renderer/tests/command-image-envelope.snapshot.ts > submits a bare /plan with an image as an image-only plan request
[ui-cordis] reading the Cordis inventory failed: Error: internal: client api: dynamicCordisRunner/inventory failed: fixture connection RPC endpoint "dynamicCordisRunner/inventory" is unavailable
   × refuses an image-carrying submit to a non-declaring command and keeps draft and images 11115ms
    at Object.inventory (eval at loadBundle (E:/.sake/Desktop/craftcode/apps/desktop/renderer/tests/assembled-boot.ts:217:14), <anonymous>:1304:30)

stderr | apps/desktop/renderer/tests/command-image-envelope.snapshot.ts > submits a bare /plan with an image as an image-only plan request
[cordis-client-runner] syncing inspect providers failed: Error: client api: dynamicCordisRunner/syncInspectManifest has no active Connection
    at Proxy.invoke (eval at loadBundle (E:/.sake/Desktop/craftcode/apps/desktop/renderer/tests/assembled-boot.ts:217:14), <anonymous>:239:38)
    at Object.apply (E:/.sake/Desktop/craftcode/vendor/cordis/src/utils.ts:160:40)
    at Proxy.invokeMethod (eval at loadBundle (E:/.sake/Desktop/craftcode/apps/desktop/renderer/tests/assembled-boot.ts:217:14), <anonymous>:210:40)
    at Object.apply (E:/.sake/Desktop/craftcode/vendor/cordis/src/utils.ts:160:40)
    at Proxy.eval (eval at loadBundle (E:/.sake/Desktop/craftcode/apps/desktop/renderer/tests/assembled-boot.ts:217:14), <anonymous>:178:94)
   × consumes images through a declaring command and clears the composer on success 10682ms
    at Object.apply (E:/.sake/Desktop/craftcode/vendor/cordis/src/utils.ts:160:40)
    at Proxy.eval (eval at loadBundle (E:/.sake/Desktop/craftcode/apps/desktop/renderer/tests/assembled-boot.ts:217:14), <anonymous>:308:21)
    at Object.apply (E:/.sake/Desktop/craftcode/vendor/cordis/src/utils.ts:160:40)
    at Object.sync (eval at loadBundle (E:/.sake/Desktop/craftcode/apps/desktop/renderer/tests/assembled-boot.ts:217:14), <anonymous>:4244:60)
    at eval (eval at loadBundle (E:/.sake/Desktop/craftcode/apps/desktop/renderer/tests/assembled-boot.ts:217:14), <anonymous>:1023:23)

   × submits a bare /plan with an image as an image-only plan request 10425ms
 ❯ apps/desktop/renderer/tests/chat-continuous-conversation.e2e.ts (1 test | 1 failed) 5159ms
     × keeps twelve generated turns and tool rows bound to one live session 1905ms
