$ tsx scripts/verify-export-jsdoc.ts
verify-export-jsdoc: 158 JSDoc completeness violation(s) (see AGENTS.md):
  exported interface 'ConvOwnerProps' (packages/client/ui-layout/src/client/index.ts:124) has no JSDoc.
  exported type 'BootstrapKey' (packages/client/ui-mcmod-bootstrap/src/client/locales.ts:61) has no JSDoc.
  exported const 'en' (packages/client/ui-mcmod-bootstrap/src/client/locales.ts:63) has no JSDoc.
  exported interface 'WizardForm' (packages/client/ui-mcmod-bootstrap/src/client/model.ts:105) has no JSDoc.
  exported interface 'WizardSnapshot' (packages/client/ui-mcmod-bootstrap/src/client/model.ts:115) has no JSDoc.
  exported class property 'BootstrapWizardModel.getSnapshot' (packages/client/ui-mcmod-bootstrap/src/client/model.ts:184) has no JSDoc.
  exported class property 'BootstrapWizardModel.subscribe' (packages/client/ui-mcmod-bootstrap/src/client/model.ts:186) has no JSDoc.
  exported class method 'BootstrapWizardModel.dispose' (packages/client/ui-mcmod-bootstrap/src/client/model.ts:191) has no JSDoc.
  exported class method 'BootstrapWizardModel.open' (packages/client/ui-mcmod-bootstrap/src/client/model.ts:198) has no JSDoc.
  exported class method 'BootstrapWizardModel.close' (packages/client/ui-mcmod-bootstrap/src/client/model.ts:210) has no JSDoc.
  exported class method 'BootstrapWizardModel.toggleAdvanced' (packages/client/ui-mcmod-bootstrap/src/client/model.ts:215) has no JSDoc.
  exported class method 'BootstrapWizardModel.setModName' (packages/client/ui-mcmod-bootstrap/src/client/model.ts:217) has no JSDoc.
  exported class method 'BootstrapWizardModel.setLoader' (packages/client/ui-mcmod-bootstrap/src/client/model.ts:227) has no JSDoc.
  exported class method 'BootstrapWizardModel.setEntry' (packages/client/ui-mcmod-bootstrap/src/client/model.ts:238) has no JSDoc.
  exported class method 'BootstrapWizardModel.setParentDirectory' (packages/client/ui-mcmod-bootstrap/src/client/model.ts:240) has no JSDoc.
  exported class method 'BootstrapWizardModel.setDirectoryName' (packages/client/ui-mcmod-bootstrap/src/client/model.ts:244) has no JSDoc.
  exported class method 'BootstrapWizardModel.setModId' (packages/client/ui-mcmod-bootstrap/src/client/model.ts:249) has no JSDoc.
  exported class method 'BootstrapWizardModel.setPackageName' (packages/client/ui-mcmod-bootstrap/src/client/model.ts:257) has no JSDoc.
  exported class method 'BootstrapWizardModel.chooseParent' (packages/client/ui-mcmod-bootstrap/src/client/model.ts:262) has no JSDoc.
  exported class method 'BootstrapWizardModel.refreshCatalog' (packages/client/ui-mcmod-bootstrap/src/client/model.ts:275) has no JSDoc.
  exported class method 'BootstrapWizardModel.start' (packages/client/ui-mcmod-bootstrap/src/client/model.ts:297) has no JSDoc.
  exported class method 'BootstrapWizardModel.retry' (packages/client/ui-mcmod-bootstrap/src/client/model.ts:322) has no JSDoc.
  exported class method 'BootstrapWizardModel.cancel' (packages/client/ui-mcmod-bootstrap/src/client/model.ts:330) has no JSDoc.
  exported class method 'BootstrapWizardModel.openDirectory' (packages/client/ui-mcmod-bootstrap/src/client/model.ts:344) has no JSDoc.
  exported class method 'BootstrapWizardModel.acceptProgress' (packages/client/ui-mcmod-bootstrap/src/client/model.ts:355) is missing @param value.
  exported function 'readText' (packages/minecraft/mc-workbench/src/files.ts:59) is missing @param root.
  exported function 'readText' (packages/minecraft/mc-workbench/src/files.ts:59) is missing @param path.
  exported function 'readText' (packages/minecraft/mc-workbench/src/files.ts:59) is missing @param readonly.
  exported function 'readText' (packages/minecraft/mc-workbench/src/files.ts:59) is missing @returns (return type: Promise<TextFile>).
  exported function 'listFiles' (packages/minecraft/mc-workbench/src/files.ts:107) is missing @param root.
  exported function 'listFiles' (packages/minecraft/mc-workbench/src/files.ts:107) is missing @param path.
  exported function 'listFiles' (packages/minecraft/mc-workbench/src/files.ts:107) is missing @returns (return type: Promise<FileEntry[]>).
  exported function 'searchFiles' (packages/minecraft/mc-workbench/src/files.ts:122) is missing @param root.
  exported function 'searchFiles' (packages/minecraft/mc-workbench/src/files.ts:122) is missing @param query.
  exported function 'searchFiles' (packages/minecraft/mc-workbench/src/files.ts:122) is missing @returns (return type: Promise<{ hits: SearchHit[]; truncated: boolean }>).
  exported function 'defaultCatalogCachePath' (packages/minecraft/tool-mc-bootstrap/src/catalog.ts:19) is missing @returns (return type: string).
  exported interface 'NeoForgeMdkRecipe' (packages/minecraft/tool-mc-bootstrap/src/catalog.ts:68) has no JSDoc.
  exported function 'parseFabricGameVersions' (packages/minecraft/tool-mc-bootstrap/src/catalog.ts:101) is missing @param value.
  exported function 'parseFabricGameVersions' (packages/minecraft/tool-mc-bootstrap/src/catalog.ts:101) is missing @returns (return type: string[]).
  exported function 'parseFabricLoaderVersions' (packages/minecraft/tool-mc-bootstrap/src/catalog.ts:115) is missing @param value.
  exported function 'parseFabricLoaderVersions' (packages/minecraft/tool-mc-bootstrap/src/catalog.ts:115) is missing @returns (return type: Array<{ loader: string; intermediary: string }>).
  exported function 'parseFabricYarnVersions' (packages/minecraft/tool-mc-bootstrap/src/catalog.ts:128) is missing @param value.
  exported function 'parseFabricYarnVersions' (packages/minecraft/tool-mc-bootstrap/src/catalog.ts:128) is missing @param minecraftVersion.
  exported function 'parseFabricYarnVersions' (packages/minecraft/tool-mc-bootstrap/src/catalog.ts:128) is missing @returns (return type: string[]).
  exported function 'parseFabricApiVersion' (packages/minecraft/tool-mc-bootstrap/src/catalog.ts:146) is missing @param xml.
  exported function 'parseFabricApiVersion' (packages/minecraft/tool-mc-bootstrap/src/catalog.ts:146) is missing @param minecraftVersion.
  exported function 'parseFabricApiVersion' (packages/minecraft/tool-mc-bootstrap/src/catalog.ts:146) is missing @returns (return type: string | undefined).
  exported function 'parseNeoForgeMetadata' (packages/minecraft/tool-mc-bootstrap/src/catalog.ts:156) is missing @param xml.
  exported function 'parseNeoForgeMetadata' (packages/minecraft/tool-mc-bootstrap/src/catalog.ts:156) is missing @returns (return type: Array<{ minecraftVersion: string; loaderVersion: string }>).
  exported function 'parseNeoForgeDirectoryIndex' (packages/minecraft/tool-mc-bootstrap/src/catalog.ts:162) is missing @param html.
  exported function 'parseNeoForgeDirectoryIndex' (packages/minecraft/tool-mc-bootstrap/src/catalog.ts:162) is missing @returns (return type: Array<{ minecraftVersion: string; loaderVersion: string }>).
  exported function 'parseNeoForgeMdkRecipe' (packages/minecraft/tool-mc-bootstrap/src/catalog.ts:168) is missing @param buildGradle.
  exported function 'parseNeoForgeMdkRecipe' (packages/minecraft/tool-mc-bootstrap/src/catalog.ts:168) is missing @param wrapperProperties.
  exported function 'parseNeoForgeMdkRecipe' (packages/minecraft/tool-mc-bootstrap/src/catalog.ts:168) is missing @returns (return type: NeoForgeMdkRecipe | undefined).
  exported function 'parseNeoForgeMdkRepositories' (packages/minecraft/tool-mc-bootstrap/src/catalog.ts:177) is missing @param value.
  exported function 'parseNeoForgeMdkRepositories' (packages/minecraft/tool-mc-bootstrap/src/catalog.ts:177) is missing @returns (return type: string[]).
  exported function 'parseNeoForgeMdkLoader' (packages/minecraft/tool-mc-bootstrap/src/catalog.ts:191) is missing @param properties.
  exported function 'parseNeoForgeMdkLoader' (packages/minecraft/tool-mc-bootstrap/src/catalog.ts:191) is missing @param minecraftVersion.
  exported function 'parseNeoForgeMdkLoader' (packages/minecraft/tool-mc-bootstrap/src/catalog.ts:191) is missing @returns (return type: string | undefined).
  exported function 'fabricEntry' (packages/minecraft/tool-mc-bootstrap/src/catalog.ts:224) is missing @param minecraftVersion.
  exported function 'fabricEntry' (packages/minecraft/tool-mc-bootstrap/src/catalog.ts:224) is missing @param loaderVersion.
  exported function 'fabricEntry' (packages/minecraft/tool-mc-bootstrap/src/catalog.ts:224) is missing @param intermediary.
  exported function 'fabricEntry' (packages/minecraft/tool-mc-bootstrap/src/catalog.ts:224) is missing @param yarn.
  exported function 'fabricEntry' (packages/minecraft/tool-mc-bootstrap/src/catalog.ts:224) is missing @param apiVersion.
  exported function 'fabricEntry' (packages/minecraft/tool-mc-bootstrap/src/catalog.ts:224) is missing @returns (return type: CatalogEntry).
  exported function 'neoForgeEntry' (packages/minecraft/tool-mc-bootstrap/src/catalog.ts:246) is missing @param minecraftVersion.
  exported function 'neoForgeEntry' (packages/minecraft/tool-mc-bootstrap/src/catalog.ts:246) is missing @param loaderVersion.
  exported function 'neoForgeEntry' (packages/minecraft/tool-mc-bootstrap/src/catalog.ts:246) is missing @param recipe.
  exported function 'neoForgeEntry' (packages/minecraft/tool-mc-bootstrap/src/catalog.ts:246) is missing @returns (return type: CatalogEntry).
  exported function 'normalizeCatalogEntries' (packages/minecraft/tool-mc-bootstrap/src/catalog.ts:271) is missing @param entries.
  exported function 'normalizeCatalogEntries' (packages/minecraft/tool-mc-bootstrap/src/catalog.ts:271) is missing @returns (return type: CatalogEntry[]).
  exported class method 'MinecraftCatalogResolver.load' (packages/minecraft/tool-mc-bootstrap/src/catalog.ts:309) is missing @param signal.
  exported class method 'MinecraftCatalogResolver.load' (packages/minecraft/tool-mc-bootstrap/src/catalog.ts:309) is missing @returns (return type: Promise<CatalogSnapshot>).
  exported function 'probeJava' (packages/minecraft/tool-mc-bootstrap/src/catalog.ts:629) is missing @param signal.
  exported function 'probeJava' (packages/minecraft/tool-mc-bootstrap/src/catalog.ts:629) is missing @returns (return type: Promise<JavaProbe>).
  exported function 'parseJavaMajor' (packages/minecraft/tool-mc-bootstrap/src/catalog.ts:703) is missing @param output.
  exported function 'parseJavaMajor' (packages/minecraft/tool-mc-bootstrap/src/catalog.ts:703) is missing @returns (return type: number | undefined).
  exported function 'createMinecraftBootstrap' (packages/minecraft/tool-mc-bootstrap/src/index.d.ts:34) is missing @param ctx.
  exported function 'createMinecraftBootstrap' (packages/minecraft/tool-mc-bootstrap/src/index.d.ts:34) is missing @param options.
  exported function 'createMinecraftBootstrap' (packages/minecraft/tool-mc-bootstrap/src/index.d.ts:34) is missing @returns (return type: MinecraftBootstrapService).
  exported function 'createMinecraftBootstrap' (packages/minecraft/tool-mc-bootstrap/src/index.ts:55) is missing @param ctx.
  exported function 'createMinecraftBootstrap' (packages/minecraft/tool-mc-bootstrap/src/index.ts:55) is missing @param options.
  exported function 'createMinecraftBootstrap' (packages/minecraft/tool-mc-bootstrap/src/index.ts:55) is missing @returns (return type: MinecraftBootstrapService).
  exported function 'applyBootstrapService' (packages/minecraft/tool-mc-bootstrap/src/service.d.ts:24) is missing @param ctx.
  exported function 'applyBootstrapService' (packages/minecraft/tool-mc-bootstrap/src/service.d.ts:24) is missing @param options.
  exported class method 'MinecraftBootstrapService.dispose' (packages/minecraft/tool-mc-bootstrap/src/service.d.ts:40) has no JSDoc.
  exported function 'applyBootstrapService' (packages/minecraft/tool-mc-bootstrap/src/service.ts:109) is missing @param ctx.
  exported function 'applyBootstrapService' (packages/minecraft/tool-mc-bootstrap/src/service.ts:109) is missing @param options.
  exported class method 'MinecraftBootstrapService.dispose' (packages/minecraft/tool-mc-bootstrap/src/service.ts:196) has no JSDoc.
  exported function 'projectFiles' (packages/minecraft/tool-mc-bootstrap/src/template.d.ts:4) is missing @param input.
  exported function 'projectFiles' (packages/minecraft/tool-mc-bootstrap/src/template.d.ts:4) is missing @returns (return type: Record<string, string>).
  exported function 'wrapperFiles' (packages/minecraft/tool-mc-bootstrap/src/template.d.ts:11) is missing @param gradleVersion.
  exported function 'wrapperFiles' (packages/minecraft/tool-mc-bootstrap/src/template.d.ts:11) is missing @param checksum.
  exported function 'wrapperFiles' (packages/minecraft/tool-mc-bootstrap/src/template.d.ts:11) is missing @returns (return type: Record<string, string>).
  exported function 'projectFiles' (packages/minecraft/tool-mc-bootstrap/src/template.ts:6) is missing @param input.
  exported function 'projectFiles' (packages/minecraft/tool-mc-bootstrap/src/template.ts:6) is missing @returns (return type: Record<string, string>).
  exported function 'wrapperFiles' (packages/minecraft/tool-mc-bootstrap/src/template.ts:182) is missing @param gradleVersion.
  exported function 'wrapperFiles' (packages/minecraft/tool-mc-bootstrap/src/template.ts:182) is missing @param checksum.
  exported function 'wrapperFiles' (packages/minecraft/tool-mc-bootstrap/src/template.ts:182) is missing @returns (return type: Record<string, string>).
  exported function 'jdkForMinecraft' (packages/minecraft/tool-mc-bootstrap/src/types.d.ts:81) is missing @param version.
  exported function 'jdkForMinecraft' (packages/minecraft/tool-mc-bootstrap/src/types.d.ts:81) is missing @returns (return type: 17 | 21 | undefined).
  exported function 'isSupportedMinecraftVersion' (packages/minecraft/tool-mc-bootstrap/src/types.d.ts:83) is missing @param version.
  exported function 'isSupportedMinecraftVersion' (packages/minecraft/tool-mc-bootstrap/src/types.d.ts:83) is missing @returns (return type: boolean).
  exported function 'isStableMinecraftVersion' (packages/minecraft/tool-mc-bootstrap/src/types.d.ts:85) is missing @param version.
  exported function 'isStableMinecraftVersion' (packages/minecraft/tool-mc-bootstrap/src/types.d.ts:85) is missing @param stable.
  exported function 'isStableMinecraftVersion' (packages/minecraft/tool-mc-bootstrap/src/types.d.ts:85) is missing @returns (return type: boolean).
  exported function 'catalogEntryId' (packages/minecraft/tool-mc-bootstrap/src/types.d.ts:87) is missing @param loader.
  exported function 'catalogEntryId' (packages/minecraft/tool-mc-bootstrap/src/types.d.ts:87) is missing @param minecraftVersion.
  exported function 'catalogEntryId' (packages/minecraft/tool-mc-bootstrap/src/types.d.ts:87) is missing @param loaderVersion.
  exported function 'catalogEntryId' (packages/minecraft/tool-mc-bootstrap/src/types.d.ts:87) is missing @returns (return type: string).
  exported function 'isValidModId' (packages/minecraft/tool-mc-bootstrap/src/types.d.ts:89) is missing @param value.
  exported function 'isValidModId' (packages/minecraft/tool-mc-bootstrap/src/types.d.ts:89) is missing @returns (return type: boolean).
  exported function 'isValidPackageName' (packages/minecraft/tool-mc-bootstrap/src/types.d.ts:91) is missing @param value.
  exported function 'isValidPackageName' (packages/minecraft/tool-mc-bootstrap/src/types.d.ts:91) is missing @returns (return type: boolean).
  exported function 'isValidModName' (packages/minecraft/tool-mc-bootstrap/src/types.d.ts:93) is missing @param value.
  exported function 'isValidModName' (packages/minecraft/tool-mc-bootstrap/src/types.d.ts:93) is missing @returns (return type: boolean).
  exported function 'isValidDirectoryName' (packages/minecraft/tool-mc-bootstrap/src/types.d.ts:95) is missing @param value.
  exported function 'isValidDirectoryName' (packages/minecraft/tool-mc-bootstrap/src/types.d.ts:95) is missing @returns (return type: boolean).
  exported function 'deriveDirectoryName' (packages/minecraft/tool-mc-bootstrap/src/types.d.ts:97) is missing @param modName.
  exported function 'deriveDirectoryName' (packages/minecraft/tool-mc-bootstrap/src/types.d.ts:97) is missing @param modId.
  exported function 'deriveDirectoryName' (packages/minecraft/tool-mc-bootstrap/src/types.d.ts:97) is missing @returns (return type: string).
  exported function 'recordPayload' (packages/minecraft/tool-mc-bootstrap/src/types.d.ts:99) is missing @param value.
  exported function 'recordPayload' (packages/minecraft/tool-mc-bootstrap/src/types.d.ts:99) is missing @returns (return type: Record<string, unknown> | undefined).
  exported function 'isSha256' (packages/minecraft/tool-mc-bootstrap/src/types.d.ts:101) is missing @param value.
  exported function 'isSha256' (packages/minecraft/tool-mc-bootstrap/src/types.d.ts:101) is missing @returns (return type: value is string).
  exported function 'isCatalogEntry' (packages/minecraft/tool-mc-bootstrap/src/types.d.ts:103) is missing @param value.
  exported function 'isCatalogEntry' (packages/minecraft/tool-mc-bootstrap/src/types.d.ts:103) is missing @returns (return type: value is CatalogEntry).
  exported function 'jdkForMinecraft' (packages/minecraft/tool-mc-bootstrap/src/validation.ts:19) is missing @param version.
  exported function 'jdkForMinecraft' (packages/minecraft/tool-mc-bootstrap/src/validation.ts:19) is missing @returns (return type: 17 | 21 | undefined).
  exported function 'isSupportedMinecraftVersion' (packages/minecraft/tool-mc-bootstrap/src/validation.ts:35) is missing @param version.
  exported function 'isSupportedMinecraftVersion' (packages/minecraft/tool-mc-bootstrap/src/validation.ts:35) is missing @returns (return type: boolean).
  exported function 'isStableMinecraftVersion' (packages/minecraft/tool-mc-bootstrap/src/validation.ts:42) is missing @param version.
  exported function 'isStableMinecraftVersion' (packages/minecraft/tool-mc-bootstrap/src/validation.ts:42) is missing @param stable.
  exported function 'isStableMinecraftVersion' (packages/minecraft/tool-mc-bootstrap/src/validation.ts:42) is missing @returns (return type: boolean).
  exported function 'isSupportedNeoForgeMinecraftVersion' (packages/minecraft/tool-mc-bootstrap/src/validation.ts:53) is missing @param version.
  exported function 'isSupportedNeoForgeMinecraftVersion' (packages/minecraft/tool-mc-bootstrap/src/validation.ts:53) is missing @returns (return type: boolean).
  exported function 'catalogEntryId' (packages/minecraft/tool-mc-bootstrap/src/validation.ts:59) is missing @param loader.
  exported function 'catalogEntryId' (packages/minecraft/tool-mc-bootstrap/src/validation.ts:59) is missing @param minecraftVersion.
  exported function 'catalogEntryId' (packages/minecraft/tool-mc-bootstrap/src/validation.ts:59) is missing @param loaderVersion.
  exported function 'catalogEntryId' (packages/minecraft/tool-mc-bootstrap/src/validation.ts:59) is missing @returns (return type: string).
  exported function 'isValidModId' (packages/minecraft/tool-mc-bootstrap/src/validation.ts:64) is missing @param value.
  exported function 'isValidModId' (packages/minecraft/tool-mc-bootstrap/src/validation.ts:64) is missing @returns (return type: boolean).
  exported function 'isValidPackageName' (packages/minecraft/tool-mc-bootstrap/src/validation.ts:69) is missing @param value.
  exported function 'isValidPackageName' (packages/minecraft/tool-mc-bootstrap/src/validation.ts:69) is missing @returns (return type: boolean).
  exported function 'isValidModName' (packages/minecraft/tool-mc-bootstrap/src/validation.ts:78) is missing @param value.
  exported function 'isValidModName' (packages/minecraft/tool-mc-bootstrap/src/validation.ts:78) is missing @returns (return type: boolean).
  exported function 'isValidDirectoryName' (packages/minecraft/tool-mc-bootstrap/src/validation.ts:84) is missing @param value.
  exported function 'isValidDirectoryName' (packages/minecraft/tool-mc-bootstrap/src/validation.ts:84) is missing @returns (return type: boolean).
  exported function 'deriveDirectoryName' (packages/minecraft/tool-mc-bootstrap/src/validation.ts:94) is missing @param modName.
  exported function 'deriveDirectoryName' (packages/minecraft/tool-mc-bootstrap/src/validation.ts:94) is missing @param modId.
  exported function 'deriveDirectoryName' (packages/minecraft/tool-mc-bootstrap/src/validation.ts:94) is missing @returns (return type: string).
  exported function 'recordPayload' (packages/minecraft/tool-mc-bootstrap/src/validation.ts:104) is missing @param value.
  exported function 'recordPayload' (packages/minecraft/tool-mc-bootstrap/src/validation.ts:104) is missing @returns (return type: Record<string, unknown> | undefined).
  exported function 'isSha256' (packages/minecraft/tool-mc-bootstrap/src/validation.ts:110) is missing @param value.
  exported function 'isSha256' (packages/minecraft/tool-mc-bootstrap/src/validation.ts:110) is missing @returns (return type: value is string).
  exported function 'isCatalogEntry' (packages/minecraft/tool-mc-bootstrap/src/validation.ts:115) is missing @param value.
  exported function 'isCatalogEntry' (packages/minecraft/tool-mc-bootstrap/src/validation.ts:115) is missing @returns (return type: value is CatalogEntry).
  exported class property 'JsonlSessionPersistence.config' (packages/session/session-persistence-jsonl/src/index.d.ts:53) has no JSDoc.
[ELIFECYCLE] Command failed with exit code 1.
