$ tsx scripts/run-gates.ts doc-sync
run-gates: doc-sync running 28 gate(s) with 4 worker(s) from 16 available CPU(s), doc-sync cap 4.
run-gates: start doc-typecheck
run-gates: start documentation build
run-gates: start doc graphs
run-gates: start markdown links
run-gates: PASS markdown links (15.22s)
run-gates: start type equivalence

== FAILED doc graphs (21.19s) ==
command: pnpm run verify-doc-graphs
outcome: exit 1
$ tsx scripts/gen-doc-graphs.ts --check
[ELIFECYCLE] Command failed with exit code 1.
E:\.sake\Desktop\craftcode\packages\typert\generator\src\cordis-catalog.ts:51
  throw new Error(
        ^

Error: gen-cordis-catalog: 6 signature type-link coverage violation(s):
  service method ctx.minecraftBootstrap.catalog (packages/minecraft/tool-mc-bootstrap/src/service.ts:71) references unclassified type 'CatalogSnapshot'. Add it to linkedTypePages with its documentation page, to foundationTypeNames if TypeScript or the framework owns it, or to typeLinkExemptions with the non-catalog documentation owner.
  service method ctx.minecraftBootstrap.start (packages/minecraft/tool-mc-bootstrap/src/service.ts:78) references unclassified type 'BootstrapStartRequest'. Add it to linkedTypePages with its documentation page, to foundationTypeNames if TypeScript or the framework owns it, or to typeLinkExemptions with the non-catalog documentation owner.
  service method ctx.minecraftBootstrap.start (packages/minecraft/tool-mc-bootstrap/src/service.ts:78) references unclassified type 'StartRpcResponse'. Add it to linkedTypePages with its documentation page, to foundationTypeNames if TypeScript or the framework owns it, or to typeLinkExemptions with the non-catalog documentation owner.
  service method ctx.minecraftBootstrap.status (packages/minecraft/tool-mc-bootstrap/src/service.ts:84) references unclassified type 'OperationSnapshot'. Add it to linkedTypePages with its documentation page, to foundationTypeNames if TypeScript or the framework owns it, or to typeLinkExemptions with the non-catalog documentation owner.
  service method ctx.minecraftRuntime.check (packages/minecraft/tool-mc-project/src/index.ts:169) references unclassified type 'CheckResult'. Add it to linkedTypePages with its documentation page, to foundationTypeNames if TypeScript or the framework owns it, or to typeLinkExemptions with the non-catalog documentation owner.
  service method ctx.minecraftRuntime.check (packages/minecraft/tool-mc-project/src/index.ts:169) references unclassified type 'RuntimeMode'. Add it to linkedTypePages with its documentation page, to foundationTypeNames if TypeScript or the framework owns it, or to typeLinkExemptions with the non-catalog documentation owner.
    at reportTypeLinkViolations (E:\.sake\Desktop\craftcode\packages\typert\generator\src\cordis-catalog.ts:51:9)
    at CordisCatalogProjector.collectServices (E:\.sake\Desktop\craftcode\packages\typert\generator\src\cordis-catalog.ts:326:5)
    at CordisCatalogProjector.project (E:\.sake\Desktop\craftcode\packages\typert\generator\src\cordis-catalog.ts:159:22)
    at projectCordisCatalog (E:\.sake\Desktop\craftcode\packages\typert\generator\src\cordis-catalog.ts:394:40)
    at renderDocs (E:\.sake\Desktop\craftcode\scripts\gen-doc-graphs.ts:1403:21)
    at main (E:\.sake\Desktop\craftcode\scripts\gen-doc-graphs.ts:1462:16)
    at <anonymous> (E:\.sake\Desktop\craftcode\scripts\gen-doc-graphs.ts:1486:3)
    at ModuleJob.run (node:internal/modules/esm/module_job:439:25)
    at async node:internal/modules/esm/loader:643:26
    at async asyncRunEntryPointWithESMLoader (node:internal/modules/run_main:101:5)

Node.js v24.18.0
run-gates: start cordis catalog
run-gates: PASS type equivalence (15.67s)
run-gates: start verify-mermaid
[ELIFECYCLE] Command failed with exit code 1.

== FAILED cordis catalog (25.36s) ==
command: pnpm run verify-cordis-catalog
outcome: exit 1
$ tsx scripts/gen-cordis-catalog.ts --check
E:\.sake\Desktop\craftcode\packages\typert\generator\src\cordis-catalog.ts:51
  throw new Error(
        ^

Error: gen-cordis-catalog: 6 signature type-link coverage violation(s):
  service method ctx.minecraftBootstrap.catalog (packages/minecraft/tool-mc-bootstrap/src/service.ts:71) references unclassified type 'CatalogSnapshot'. Add it to linkedTypePages with its documentation page, to foundationTypeNames if TypeScript or the framework owns it, or to typeLinkExemptions with the non-catalog documentation owner.
  service method ctx.minecraftBootstrap.start (packages/minecraft/tool-mc-bootstrap/src/service.ts:78) references unclassified type 'BootstrapStartRequest'. Add it to linkedTypePages with its documentation page, to foundationTypeNames if TypeScript or the framework owns it, or to typeLinkExemptions with the non-catalog documentation owner.
  service method ctx.minecraftBootstrap.start (packages/minecraft/tool-mc-bootstrap/src/service.ts:78) references unclassified type 'StartRpcResponse'. Add it to linkedTypePages with its documentation page, to foundationTypeNames if TypeScript or the framework owns it, or to typeLinkExemptions with the non-catalog documentation owner.
  service method ctx.minecraftBootstrap.status (packages/minecraft/tool-mc-bootstrap/src/service.ts:84) references unclassified type 'OperationSnapshot'. Add it to linkedTypePages with its documentation page, to foundationTypeNames if TypeScript or the framework owns it, or to typeLinkExemptions with the non-catalog documentation owner.
  service method ctx.minecraftRuntime.check (packages/minecraft/tool-mc-project/src/index.ts:169) references unclassified type 'CheckResult'. Add it to linkedTypePages with its documentation page, to foundationTypeNames if TypeScript or the framework owns it, or to typeLinkExemptions with the non-catalog documentation owner.
  service method ctx.minecraftRuntime.check (packages/minecraft/tool-mc-project/src/index.ts:169) references unclassified type 'RuntimeMode'. Add it to linkedTypePages with its documentation page, to foundationTypeNames if TypeScript or the framework owns it, or to typeLinkExemptions with the non-catalog documentation owner.
    at reportTypeLinkViolations (E:\.sake\Desktop\craftcode\packages\typert\generator\src\cordis-catalog.ts:51:9)
    at CordisCatalogProjector.collectServices (E:\.sake\Desktop\craftcode\packages\typert\generator\src\cordis-catalog.ts:326:5)
    at CordisCatalogProjector.project (E:\.sake\Desktop\craftcode\packages\typert\generator\src\cordis-catalog.ts:159:22)
    at projectCordisCatalog (E:\.sake\Desktop\craftcode\packages\typert\generator\src\cordis-catalog.ts:394:40)
    at computeOutputs (E:\.sake\Desktop\craftcode\scripts\gen-cordis-catalog.ts:847:32)
    at main (E:\.sake\Desktop\craftcode\scripts\gen-cordis-catalog.ts:962:8)
    at <anonymous> (E:\.sake\Desktop\craftcode\scripts\gen-cordis-catalog.ts:1018:3)
    at ModuleJob.run (node:internal/modules/esm/module_job:439:25)
    at async node:internal/modules/esm/loader:643:26
    at async asyncRunEntryPointWithESMLoader (node:internal/modules/run_main:101:5)

Node.js v24.18.0
run-gates: start scoped events
run-gates: PASS documentation build (48.62s)
run-gates: start translation pairing
run-gates: PASS verify-mermaid (17.74s)
run-gates: start markdown wrap
run-gates: PASS markdown wrap (13.15s)
run-gates: start client catalog
run-gates: PASS client catalog (5.72s)
run-gates: start export jsdoc
run-gates: PASS scoped events (24.06s)
run-gates: start tool catalog

== FAILED export jsdoc (8.51s) ==
command: pnpm run verify-export-jsdoc
outcome: exit 1
$ tsx scripts/verify-export-jsdoc.ts
verify-export-jsdoc: 153 JSDoc completeness violation(s) (see AGENTS.md):
  exported interface 'ConvOwnerProps' (packages/client/ui-layout/src/client/index.ts:124) has no JSDoc.
  exported type 'BootstrapKey' (packages/client/ui-mcmod-bootstrap/src/client/locales.ts:61) has no JSDoc.
  exported const 'en' (packages/client/ui-mcmod-bootstrap/src/client/locales.ts:63) has no JSDoc.
  exported interface 'WizardForm' (packages/client/ui-mcmod-bootstrap/src/client/model.ts:105) has no JSDoc.
  exported interface 'WizardSnapshot' (packages/client/ui-mcmod-bootstrap/src/client/model.ts:115) has no JSDoc.
  exported class property 'BootstrapWizardModel.getSnapshot' (packages/client/ui-mcmod-bootstrap/src/client/model.ts:184) has no JSDoc.
  exported class property 'BootstrapWizardModel.subscribe' (packages/client/ui-mcmod-bootstrap/src/client/model.ts:186) has no JSDoc.
  exported class method 'BootstrapWizardModel.dispose' (packages/client/ui-mcmod-bootstrap/src/client/model.ts:191) has no JSDoc.
  exported class method 'BootstrapWizardModel.open' (packages/client/ui-mcmod-bootstrap/src/client/model.ts:198) has no JSDoc.
  exported class method 'BootstrapWizardModel.close' (packages/client/ui-mcmod-bootstrap/src/client/model.ts:210) has no JSDoc.
  exported class method 'BootstrapWizardModel.toggleAdvanced' (packages/client/ui-mcmod-bootstrap/src/client/model.ts:215) has no JSDoc.
  exported class method 'BootstrapWizardModel.setModName' (packages/client/ui-mcmod-bootstrap/src/client/model.ts:217) has no JSDoc.
  exported class method 'BootstrapWizardModel.setLoader' (packages/client/ui-mcmod-bootstrap/src/client/model.ts:227) has no JSDoc.
  exported class method 'BootstrapWizardModel.setEntry' (packages/client/ui-mcmod-bootstrap/src/client/model.ts:238) has no JSDoc.
  exported class method 'BootstrapWizardModel.setParentDirectory' (packages/client/ui-mcmod-bootstrap/src/client/model.ts:240) has no JSDoc.
  exported class method 'BootstrapWizardModel.setDirectoryName' (packages/client/ui-mcmod-bootstrap/src/client/model.ts:244) has no JSDoc.
  exported class method 'BootstrapWizardModel.setModId' (packages/client/ui-mcmod-bootstrap/src/client/model.ts:249) has no JSDoc.
  exported class method 'BootstrapWizardModel.setPackageName' (packages/client/ui-mcmod-bootstrap/src/client/model.ts:257) has no JSDoc.
  exported class method 'BootstrapWizardModel.chooseParent' (packages/client/ui-mcmod-bootstrap/src/client/model.ts:262) has no JSDoc.
  exported class method 'BootstrapWizardModel.refreshCatalog' (packages/client/ui-mcmod-bootstrap/src/client/model.ts:275) has no JSDoc.
  exported class method 'BootstrapWizardModel.start' (packages/client/ui-mcmod-bootstrap/src/client/model.ts:297) has no JSDoc.
  exported class method 'BootstrapWizardModel.retry' (packages/client/ui-mcmod-bootstrap/src/client/model.ts:322) has no JSDoc.
  exported class method 'BootstrapWizardModel.cancel' (packages/client/ui-mcmod-bootstrap/src/client/model.ts:330) has no JSDoc.
  exported class method 'BootstrapWizardModel.openDirectory' (packages/client/ui-mcmod-bootstrap/src/client/model.ts:344) has no JSDoc.
  exported class method 'BootstrapWizardModel.acceptProgress' (packages/client/ui-mcmod-bootstrap/src/client/model.ts:355) is missing @param value.
  exported class method 'WorkbenchModel.request' (packages/client/ui-mcmod-workbench/src/client/model.ts:101) has no JSDoc.
  exported class method 'WorkbenchModel.perform' (packages/client/ui-mcmod-workbench/src/client/model.ts:173) has no JSDoc.
  exported function 'readText' (packages/minecraft/mc-workbench/src/files.ts:58) has no JSDoc.
  exported function 'listFiles' (packages/minecraft/mc-workbench/src/files.ts:105) has no JSDoc.
  exported function 'searchFiles' (packages/minecraft/mc-workbench/src/files.ts:119) has no JSDoc.
  exported function 'defaultCatalogCachePath' (packages/minecraft/tool-mc-bootstrap/src/catalog.ts:19) is missing @returns (return type: string).
  exported interface 'NeoForgeMdkRecipe' (packages/minecraft/tool-mc-bootstrap/src/catalog.ts:68) has no JSDoc.
  exported function 'parseFabricGameVersions' (packages/minecraft/tool-mc-bootstrap/src/catalog.ts:101) is missing @param value.
  exported function 'parseFabricGameVersions' (packages/minecraft/tool-mc-bootstrap/src/catalog.ts:101) is missing @returns (return type: string[]).
  exported function 'parseFabricLoaderVersions' (packages/minecraft/tool-mc-bootstrap/src/catalog.ts:115) is missing @param value.
  exported function 'parseFabricLoaderVersions' (packages/minecraft/tool-mc-bootstrap/src/catalog.ts:115) is missing @returns (return type: Array<{ loader: string; intermediary: string }>).
  exported function 'parseFabricYarnVersions' (packages/minecraft/tool-mc-bootstrap/src/catalog.ts:128) is missing @param value.
  exported function 'parseFabricYarnVersions' (packages/minecraft/tool-mc-bootstrap/src/catalog.ts:128) is missing @param minecraftVersion.
  exported function 'parseFabricYarnVersions' (packages/minecraft/tool-mc-bootstrap/src/catalog.ts:128) is missing @returns (return type: string[]).
  exported function 'parseFabricApiVersion' (packages/minecraft/tool-mc-bootstrap/src/catalog.ts:146) is missing @param xml.
  exported function 'parseFabricApiVersion' (packages/minecraft/tool-mc-bootstrap/src/catalog.ts:146) is missing @param minecraftVersion.
  exported function 'parseFabricApiVersion' (packages/minecraft/tool-mc-bootstrap/src/catalog.ts:146) is missing @returns (return type: string | undefined).
  exported function 'parseNeoForgeMetadata' (packages/minecraft/tool-mc-bootstrap/src/catalog.ts:156) is missing @param xml.
  exported function 'parseNeoForgeMetadata' (packages/minecraft/tool-mc-bootstrap/src/catalog.ts:156) is missing @returns (return type: Array<{ minecraftVersion: string; loaderVersion: string }>).
  exported function 'parseNeoForgeDirectoryIndex' (packages/minecraft/tool-mc-bootstrap/src/catalog.ts:162) is missing @param html.
  exported function 'parseNeoForgeDirectoryIndex' (packages/minecraft/tool-mc-bootstrap/src/catalog.ts:162) is missing @returns (return type: Array<{ minecraftVersion: string; loaderVersion: string }>).
  exported function 'parseNeoForgeMdkRecipe' (packages/minecraft/tool-mc-bootstrap/src/catalog.ts:168) is missing @param buildGradle.
  exported function 'parseNeoForgeMdkRecipe' (packages/minecraft/tool-mc-bootstrap/src/catalog.ts:168) is missing @param wrapperProperties.
  exported function 'parseNeoForgeMdkRecipe' (packages/minecraft/tool-mc-bootstrap/src/catalog.ts:168) is missing @returns (return type: NeoForgeMdkRecipe | undefined).
  exported function 'parseNeoForgeMdkRepositories' (packages/minecraft/tool-mc-bootstrap/src/catalog.ts:177) is missing @param value.
  exported function 'parseNeoForgeMdkRepositories' (packages/minecraft/tool-mc-bootstrap/src/catalog.ts:177) is missing @returns (return type: string[]).
  exported function 'parseNeoForgeMdkLoader' (packages/minecraft/tool-mc-bootstrap/src/catalog.ts:191) is missing @param properties.
  exported function 'parseNeoForgeMdkLoader' (packages/minecraft/tool-mc-bootstrap/src/catalog.ts:191) is missing @param minecraftVersion.
  exported function 'parseNeoForgeMdkLoader' (packages/minecraft/tool-mc-bootstrap/src/catalog.ts:191) is missing @returns (return type: string | undefined).
  exported function 'fabricEntry' (packages/minecraft/tool-mc-bootstrap/src/catalog.ts:224) is missing @param minecraftVersion.
  exported function 'fabricEntry' (packages/minecraft/tool-mc-bootstrap/src/catalog.ts:224) is missing @param loaderVersion.
  exported function 'fabricEntry' (packages/minecraft/tool-mc-bootstrap/src/catalog.ts:224) is missing @param intermediary.
  exported function 'fabricEntry' (packages/minecraft/tool-mc-bootstrap/src/catalog.ts:224) is missing @param yarn.
  exported function 'fabricEntry' (packages/minecraft/tool-mc-bootstrap/src/catalog.ts:224) is missing @param apiVersion.
  exported function 'fabricEntry' (packages/minecraft/tool-mc-bootstrap/src/catalog.ts:224) is missing @returns (return type: CatalogEntry).
  exported function 'neoForgeEntry' (packages/minecraft/tool-mc-bootstrap/src/catalog.ts:246) is missing @param minecraftVersion.
  exported function 'neoForgeEntry' (packages/minecraft/tool-mc-bootstrap/src/catalog.ts:246) is missing @param loaderVersion.
  exported function 'neoForgeEntry' (packages/minecraft/tool-mc-bootstrap/src/catalog.ts:246) is missing @param recipe.
  exported function 'neoForgeEntry' (packages/minecraft/tool-mc-bootstrap/src/catalog.ts:246) is missing @returns (return type: CatalogEntry).
  exported function 'normalizeCatalogEntries' (packages/minecraft/tool-mc-bootstrap/src/catalog.ts:271) is missing @param entries.
  exported function 'normalizeCatalogEntries' (packages/minecraft/tool-mc-bootstrap/src/catalog.ts:271) is missing @returns (return type: CatalogEntry[]).
  exported class method 'MinecraftCatalogResolver.load' (packages/minecraft/tool-mc-bootstrap/src/catalog.ts:309) is missing @param signal.
  exported class method 'MinecraftCatalogResolver.load' (packages/minecraft/tool-mc-bootstrap/src/catalog.ts:309) is missing @returns (return type: Promise<CatalogSnapshot>).
  exported function 'probeJava' (packages/minecraft/tool-mc-bootstrap/src/catalog.ts:629) is missing @param signal.
  exported function 'probeJava' (packages/minecraft/tool-mc-bootstrap/src/catalog.ts:629) is missing @returns (return type: Promise<JavaProbe>).
  exported function 'parseJavaMajor' (packages/minecraft/tool-mc-bootstrap/src/catalog.ts:703) is missing @param output.
  exported function 'parseJavaMajor' (packages/minecraft/tool-mc-bootstrap/src/catalog.ts:703) is missing @returns (return type: number | undefined).
  exported function 'createMinecraftBootstrap' (packages/minecraft/tool-mc-bootstrap/src/index.d.ts:34) is missing @param ctx.
  exported function 'createMinecraftBootstrap' (packages/minecraft/tool-mc-bootstrap/src/index.d.ts:34) is missing @param options.
  exported function 'createMinecraftBootstrap' (packages/minecraft/tool-mc-bootstrap/src/index.d.ts:34) is missing @returns (return type: MinecraftBootstrapService).
  exported function 'createMinecraftBootstrap' (packages/minecraft/tool-mc-bootstrap/src/index.ts:55) is missing @param ctx.
  exported function 'createMinecraftBootstrap' (packages/minecraft/tool-mc-bootstrap/src/index.ts:55) is missing @param options.
  exported function 'createMinecraftBootstrap' (packages/minecraft/tool-mc-bootstrap/src/index.ts:55) is missing @returns (return type: MinecraftBootstrapService).
  exported function 'applyBootstrapService' (packages/minecraft/tool-mc-bootstrap/src/service.d.ts:24) is missing @param ctx.
  exported function 'applyBootstrapService' (packages/minecraft/tool-mc-bootstrap/src/service.d.ts:24) is missing @param options.
  exported class method 'MinecraftBootstrapService.dispose' (packages/minecraft/tool-mc-bootstrap/src/service.d.ts:40) has no JSDoc.
  exported function 'applyBootstrapService' (packages/minecraft/tool-mc-bootstrap/src/service.ts:109) is missing @param ctx.
  exported function 'applyBootstrapService' (packages/minecraft/tool-mc-bootstrap/src/service.ts:109) is missing @param options.
  exported class method 'MinecraftBootstrapService.dispose' (packages/minecraft/tool-mc-bootstrap/src/service.ts:196) has no JSDoc.
  exported function 'projectFiles' (packages/minecraft/tool-mc-bootstrap/src/template.d.ts:4) is missing @param input.
  exported function 'projectFiles' (packages/minecraft/tool-mc-bootstrap/src/template.d.ts:4) is missing @returns (return type: Record<string, string>).
  exported function 'wrapperFiles' (packages/minecraft/tool-mc-bootstrap/src/template.d.ts:11) is missing @param gradleVersion.
  exported function 'wrapperFiles' (packages/minecraft/tool-mc-bootstrap/src/template.d.ts:11) is missing @param checksum.
  exported function 'wrapperFiles' (packages/minecraft/tool-mc-bootstrap/src/template.d.ts:11) is missing @returns (return type: Record<string, string>).
  exported function 'projectFiles' (packages/minecraft/tool-mc-bootstrap/src/template.ts:6) is missing @param input.
  exported function 'projectFiles' (packages/minecraft/tool-mc-bootstrap/src/template.ts:6) is missing @returns (return type: Record<string, string>).
  exported function 'wrapperFiles' (packages/minecraft/tool-mc-bootstrap/src/template.ts:182) is missing @param gradleVersion.
  exported function 'wrapperFiles' (packages/minecraft/tool-mc-bootstrap/src/template.ts:182) is missing @param checksum.
  exported function 'wrapperFiles' (packages/minecraft/tool-mc-bootstrap/src/template.ts:182) is missing @returns (return type: Record<string, string>).
  exported function 'jdkForMinecraft' (packages/minecraft/tool-mc-bootstrap/src/types.d.ts:81) is missing @param version.
  exported function 'jdkForMinecraft' (packages/minecraft/tool-mc-bootstrap/src/types.d.ts:81) is missing @returns (return type: 17 | 21 | undefined).
  exported function 'isSupportedMinecraftVersion' (packages/minecraft/tool-mc-bootstrap/src/types.d.ts:83) is missing @param version.
  exported function 'isSupportedMinecraftVersion' (packages/minecraft/tool-mc-bootstrap/src/types.d.ts:83) is missing @returns (return type: boolean).
  exported function 'isStableMinecraftVersion' (packages/minecraft/tool-mc-bootstrap/src/types.d.ts:85) is missing @param version.
  exported function 'isStableMinecraftVersion' (packages/minecraft/tool-mc-bootstrap/src/types.d.ts:85) is missing @param stable.
  exported function 'isStableMinecraftVersion' (packages/minecraft/tool-mc-bootstrap/src/types.d.ts:85) is missing @returns (return type: boolean).
  exported function 'catalogEntryId' (packages/minecraft/tool-mc-bootstrap/src/types.d.ts:87) is missing @param loader.
  exported function 'catalogEntryId' (packages/minecraft/tool-mc-bootstrap/src/types.d.ts:87) is missing @param minecraftVersion.
  exported function 'catalogEntryId' (packages/minecraft/tool-mc-bootstrap/src/types.d.ts:87) is missing @param loaderVersion.
  exported function 'catalogEntryId' (packages/minecraft/tool-mc-bootstrap/src/types.d.ts:87) is missing @returns (return type: string).
  exported function 'isValidModId' (packages/minecraft/tool-mc-bootstrap/src/types.d.ts:89) is missing @param value.
  exported function 'isValidModId' (packages/minecraft/tool-mc-bootstrap/src/types.d.ts:89) is missing @returns (return type: boolean).
  exported function 'isValidPackageName' (packages/minecraft/tool-mc-bootstrap/src/types.d.ts:91) is missing @param value.
  exported function 'isValidPackageName' (packages/minecraft/tool-mc-bootstrap/src/types.d.ts:91) is missing @returns (return type: boolean).
  exported function 'isValidModName' (packages/minecraft/tool-mc-bootstrap/src/types.d.ts:93) is missing @param value.
  exported function 'isValidModName' (packages/minecraft/tool-mc-bootstrap/src/types.d.ts:93) is missing @returns (return type: boolean).
  exported function 'isValidDirectoryName' (packages/minecraft/tool-mc-bootstrap/src/types.d.ts:95) is missing @param value.
  exported function 'isValidDirectoryName' (packages/minecraft/tool-mc-bootstrap/src/types.d.ts:95) is missing @returns (return type: boolean).
  exported function 'deriveDirectoryName' (packages/minecraft/tool-mc-bootstrap/src/types.d.ts:97) is missing @param modName.
  exported function 'deriveDirectoryName' (packages/minecraft/tool-mc-bootstrap/src/types.d.ts:97) is missing @param modId.
  exported function 'deriveDirectoryName' (packages/minecraft/tool-mc-bootstrap/src/types.d.ts:97) is missing @returns (return type: string).
  exported function 'recordPayload' (packages/minecraft/tool-mc-bootstrap/src/types.d.ts:99) is missing @param value.
  exported function 'recordPayload' (packages/minecraft/tool-mc-bootstrap/src/types.d.ts:99) is missing @returns (return type: Record<string, unknown> | undefined).
  exported function 'isSha256' (packages/minecraft/tool-mc-bootstrap/src/types.d.ts:101) is missing @param value.
  exported function 'isSha256' (packages/minecraft/tool-mc-bootstrap/src/types.d.ts:101) is missing @returns (return type: value is string).
  exported function 'isCatalogEntry' (packages/minecraft/tool-mc-bootstrap/src/types.d.ts:103) is missing @param value.
  exported function 'isCatalogEntry' (packages/minecraft/tool-mc-bootstrap/src/types.d.ts:103) is missing @returns (return type: value is CatalogEntry).
  exported function 'jdkForMinecraft' (packages/minecraft/tool-mc-bootstrap/src/validation.ts:19) is missing @param version.
  exported function 'jdkForMinecraft' (packages/minecraft/tool-mc-bootstrap/src/validation.ts:19) is missing @returns (return type: 17 | 21 | undefined).
  exported function 'isSupportedMinecraftVersion' (packages/minecraft/tool-mc-bootstrap/src/validation.ts:35) is missing @param version.
  exported function 'isSupportedMinecraftVersion' (packages/minecraft/tool-mc-bootstrap/src/validation.ts:35) is missing @returns (return type: boolean).
  exported function 'isStableMinecraftVersion' (packages/minecraft/tool-mc-bootstrap/src/validation.ts:42) is missing @param version.
  exported function 'isStableMinecraftVersion' (packages/minecraft/tool-mc-bootstrap/src/validation.ts:42) is missing @param stable.
  exported function 'isStableMinecraftVersion' (packages/minecraft/tool-mc-bootstrap/src/validation.ts:42) is missing @returns (return type: boolean).
  exported function 'isSupportedNeoForgeMinecraftVersion' (packages/minecraft/tool-mc-bootstrap/src/validation.ts:53) is missing @param version.
  exported function 'isSupportedNeoForgeMinecraftVersion' (packages/minecraft/tool-mc-bootstrap/src/validation.ts:53) is missing @returns (return type: boolean).
  exported function 'catalogEntryId' (packages/minecraft/tool-mc-bootstrap/src/validation.ts:59) is missing @param loader.
  exported function 'catalogEntryId' (packages/minecraft/tool-mc-bootstrap/src/validation.ts:59) is missing @param minecraftVersion.
[ELIFECYCLE] Command failed with exit code 1.
  exported function 'catalogEntryId' (packages/minecraft/tool-mc-bootstrap/src/validation.ts:59) is missing @param loaderVersion.
  exported function 'catalogEntryId' (packages/minecraft/tool-mc-bootstrap/src/validation.ts:59) is missing @returns (return type: string).
  exported function 'isValidModId' (packages/minecraft/tool-mc-bootstrap/src/validation.ts:64) is missing @param value.
  exported function 'isValidModId' (packages/minecraft/tool-mc-bootstrap/src/validation.ts:64) is missing @returns (return type: boolean).
  exported function 'isValidPackageName' (packages/minecraft/tool-mc-bootstrap/src/validation.ts:69) is missing @param value.
  exported function 'isValidPackageName' (packages/minecraft/tool-mc-bootstrap/src/validation.ts:69) is missing @returns (return type: boolean).
  exported function 'isValidModName' (packages/minecraft/tool-mc-bootstrap/src/validation.ts:78) is missing @param value.
  exported function 'isValidModName' (packages/minecraft/tool-mc-bootstrap/src/validation.ts:78) is missing @returns (return type: boolean).
  exported function 'isValidDirectoryName' (packages/minecraft/tool-mc-bootstrap/src/validation.ts:84) is missing @param value.
  exported function 'isValidDirectoryName' (packages/minecraft/tool-mc-bootstrap/src/validation.ts:84) is missing @returns (return type: boolean).
  exported function 'deriveDirectoryName' (packages/minecraft/tool-mc-bootstrap/src/validation.ts:94) is missing @param modName.
  exported function 'deriveDirectoryName' (packages/minecraft/tool-mc-bootstrap/src/validation.ts:94) is missing @param modId.
  exported function 'deriveDirectoryName' (packages/minecraft/tool-mc-bootstrap/src/validation.ts:94) is missing @returns (return type: string).
  exported function 'recordPayload' (packages/minecraft/tool-mc-bootstrap/src/validation.ts:104) is missing @param value.
  exported function 'recordPayload' (packages/minecraft/tool-mc-bootstrap/src/validation.ts:104) is missing @returns (return type: Record<string, unknown> | undefined).
  exported function 'isSha256' (packages/minecraft/tool-mc-bootstrap/src/validation.ts:110) is missing @param value.
  exported function 'isSha256' (packages/minecraft/tool-mc-bootstrap/src/validation.ts:110) is missing @returns (return type: value is string).
  exported function 'isCatalogEntry' (packages/minecraft/tool-mc-bootstrap/src/validation.ts:115) is missing @param value.
  exported function 'isCatalogEntry' (packages/minecraft/tool-mc-bootstrap/src/validation.ts:115) is missing @returns (return type: value is CatalogEntry).
  exported class property 'JsonlSessionPersistence.config' (packages/session/session-persistence-jsonl/src/index.d.ts:53) has no JSDoc.
run-gates: start config catalog

== FAILED translation pairing (27.73s) ==
command: pnpm run verify-translation-pairing
outcome: exit 1
$ tsx scripts/verify-translation-pairing.ts
verify-translation-pairing: bilingual pairing rules violated (see docs/i18n/README.md):
  .agents/notes/implemented/mcmod/2026-09-13-mcmod-only-preset.md: in-scope documentation must merge bilingual (docs/i18n/README.md); add the counterpart and record the pair
  .agents/notes/implemented/bug-fix/2026-09-14-desktop-clipboard-copy.zh.md: missing language switcher — no link to 2026-09-14-desktop-clipboard-copy.md
  .agents/notes/implemented/bug-fix/2026-09-14-desktop-clipboard-copy.md ↔ .agents/notes/implemented/bug-fix/2026-09-14-desktop-clipboard-copy.zh.md: link target #1 diverges between the pair: nothing vs "dsh-translation-target:.agents/notes/implemented/bug-fix/2026-09-14-des…
  .agents/notes/implemented/feature/2026-09-14-independent-game-window-current-session-annotation.md: out of sync — content no longer matches the pair's last confirmed-consistent state in .agents/notes/implemented/feature/2026-09-14-independent-game-window-current-session-annotation.i18n.yaml (bring the other side along, then re-record with --write)
  .agents/notes/implemented/feature/2026-09-14-independent-game-window-current-session-annotation.zh.md: out of sync — content no longer matches the pair's last confirmed-consistent state in .agents/notes/implemented/feature/2026-09-14-independent-game-window-current-session-annotation.i18n.yaml (bring the other side along, then re-record with --write)
  .agents/notes/implemented/feature/2026-09-14-minecraft-host-bootstrap.md: out of sync — content no longer matches the pair's last confirmed-consistent state in .agents/notes/implemented/feature/2026-09-14-minecraft-host-bootstrap.i18n.yaml (bring the other side along, then re-record with --write)
  .agents/notes/implemented/feature/2026-09-14-minecraft-host-bootstrap.zh.md: out of sync — content no longer matches the pair's last confirmed-consistent state in .agents/notes/implemented/feature/2026-09-14-minecraft-host-bootstrap.i18n.yaml (bring the other side along, then re-record with --write)
  apps/desktop/README.md: out of sync — content no longer matches the pair's last confirmed-consistent state in apps/desktop/README.i18n.yaml (bring the other side along, then re-record with --write)
  apps/desktop/README.zh.md: out of sync — content no longer matches the pair's last confirmed-consistent state in apps/desktop/README.i18n.yaml (bring the other side along, then re-record with --write)
  docs/config-catalog.md: out of sync — content no longer matches the pair's last confirmed-consistent state in docs/config-catalog.i18n.yaml (bring the other side along, then re-record with --write)
  docs/tool-catalog.md ↔ docs/tool-catalog.zh.md: code block #36 diverges between the pair: "```json\n{\n  \"type\": \"object\",\n  \"properties\": {\n    \"target\… vs "```json\n{\n  \"type\": \"object\",\n  \"properties\": {\n    \"target\…
  packages/bundle/mcmod-headless/README.md: out of sync — content no longer matches the pair's last confirmed-consistent state in packages/bundle/mcmod-headless/README.i18n.yaml (bring the other side along, then re-record with --write)
  packages/bundle/mcmod-headless/README.zh.md: out of sync — content no longer matches the pair's last confirmed-consistent state in packages/bundle/mcmod-headless/README.i18n.yaml (bring the other side along, then re-record with --write)
  packages/bundle/mcmod/README.md: out of sync — content no longer matches the pair's last confirmed-consistent state in packages/bundle/mcmod/README.i18n.yaml (bring the other side along, then re-record with --write)
  packages/bundle/mcmod/README.zh.md: out of sync — content no longer matches the pair's last confirmed-consistent state in packages/bundle/mcmod/README.i18n.yaml (bring the other side along, then re-record with --write)
  packages/client/ui-layout/README.md: out of sync — content no longer matches the pair's last confirmed-consistent state in packages/client/ui-layout/README.i18n.yaml (bring the other side along, then re-record with --write)
[ELIFECYCLE] Command failed with exit code 1.
  packages/client/ui-layout/README.zh.md: out of sync — content no longer matches the pair's last confirmed-consistent state in packages/client/ui-layout/README.i18n.yaml (bring the other side along, then re-record with --write)
  packages/client/ui-mcmod-workbench/README.md: out of sync — content no longer matches the pair's last confirmed-consistent state in packages/client/ui-mcmod-workbench/README.i18n.yaml (bring the other side along, then re-record with --write)
  packages/client/ui-mcmod-workbench/README.zh.md: out of sync — content no longer matches the pair's last confirmed-consistent state in packages/client/ui-mcmod-workbench/README.i18n.yaml (bring the other side along, then re-record with --write)
  packages/client/ui-sidebar/README.md: out of sync — content no longer matches the pair's last confirmed-consistent state in packages/client/ui-sidebar/README.i18n.yaml (bring the other side along, then re-record with --write)
  packages/client/ui-sidebar/README.zh.md: out of sync — content no longer matches the pair's last confirmed-consistent state in packages/client/ui-sidebar/README.i18n.yaml (bring the other side along, then re-record with --write)
  packages/minecraft/mc-workbench/README.md: out of sync — content no longer matches the pair's last confirmed-consistent state in packages/minecraft/mc-workbench/README.i18n.yaml (bring the other side along, then re-record with --write)
  packages/minecraft/mc-workbench/README.zh.md: out of sync — content no longer matches the pair's last confirmed-consistent state in packages/minecraft/mc-workbench/README.i18n.yaml (bring the other side along, then re-record with --write)
  packages/minecraft/mcmod-agent/README.md: out of sync — content no longer matches the pair's last confirmed-consistent state in packages/minecraft/mcmod-agent/README.i18n.yaml (bring the other side along, then re-record with --write)
  packages/minecraft/mcmod-agent/README.zh.md: out of sync — content no longer matches the pair's last confirmed-consistent state in packages/minecraft/mcmod-agent/README.i18n.yaml (bring the other side along, then re-record with --write)
  packages/minecraft/tool-mc-bootstrap/README.md: out of sync — content no longer matches the pair's last confirmed-consistent state in packages/minecraft/tool-mc-bootstrap/README.i18n.yaml (bring the other side along, then re-record with --write)
  packages/minecraft/tool-mc-bootstrap/README.zh.md: out of sync — content no longer matches the pair's last confirmed-consistent state in packages/minecraft/tool-mc-bootstrap/README.i18n.yaml (bring the other side along, then re-record with --write)
  packages/minecraft/tool-mc-project/README.md: out of sync — content no longer matches the pair's last confirmed-consistent state in packages/minecraft/tool-mc-project/README.i18n.yaml (bring the other side along, then re-record with --write)
  packages/minecraft/tool-mc-project/README.zh.md: out of sync — content no longer matches the pair's last confirmed-consistent state in packages/minecraft/tool-mc-project/README.i18n.yaml (bring the other side along, then re-record with --write)
run-gates: start persistence catalog
run-gates: PASS config catalog (2.29s)
run-gates: start public repository links
run-gates: PASS doc-typecheck (78.51s)
run-gates: start doc refs
run-gates: PASS persistence catalog (2.34s)
run-gates: start package paths
run-gates: PASS doc refs (1.45s)
run-gates: start config source ownership
run-gates: PASS config source ownership (0.70s)
run-gates: start package README model experience
run-gates: PASS package paths (2.63s)
run-gates: start agent note classification

== FAILED agent note classification (0.92s) ==
command: pnpm run verify-agent-note-classification
outcome: exit 1
$ tsx scripts/verify-agent-note-classification.ts
verify-agent-note-classification: violations found:
  structure: implemented/mcmod/2026-09-13-mcmod-only-preset.md — unknown class folder "mcmod" (allowed: feature, bug-fix, simplification, architecture, process, testing)
[ELIFECYCLE] Command failed with exit code 1.
run-gates: start agent note format
run-gates: PASS tool catalog (12.48s)
run-gates: start archived agent notes
run-gates: PASS public repository links (4.86s)
run-gates: start skill invocation metadata

== FAILED agent note format (1.18s) ==
command: pnpm run verify-agent-note-format
outcome: exit 1
$ tsx scripts/verify-agent-note-format.ts
verify-agent-note-format: violations found:
  structure: implemented/mcmod/2026-09-13-mcmod-only-preset.md — unknown class folder "mcmod" (allowed: feature, bug-fix, simplification, architecture, process, testing)
  format: implemented/feature/2026-09-14-independent-game-window-current-session-annotation.md — line 2 must be blank
  format: implemented/feature/2026-09-14-independent-game-window-current-session-annotation.md — line 3 must match the implemented status grammar (/^Status: implemented$/)
  format: implemented/feature/2026-09-14-independent-game-window-current-session-annotation.md — line 4 must be blank
  format: implemented/feature/2026-09-14-minecraft-host-bootstrap.md — line 2 must be blank
  format: implemented/feature/2026-09-14-minecraft-host-bootstrap.md — line 3 must match the implemented status grammar (/^Status: implemented$/)
  format: implemented/feature/2026-09-14-minecraft-host-bootstrap.md — line 4 must be blank
[ELIFECYCLE] Command failed with exit code 1.
run-gates: start translation prompt
run-gates: PASS skill invocation metadata (0.80s)
run-gates: start doc budgets
run-gates: PASS translation prompt (0.76s)
run-gates: start documentation site checks
run-gates: PASS archived agent notes (1.15s)
run-gates: start package README limitations
run-gates: PASS doc budgets (0.78s)

== FAILED package README model experience (4.49s) ==
command: pnpm run verify-package-readme-model-experience
outcome: exit 1
$ tsx scripts/verify-package-readme-model-experience.ts
verify-package-readme-model-experience failed:
  packages\bundle\mcmod-headless\README.md: line 32: non-canonical Model Experience heading "## Model Experience\r"; use exactly "## Model Experience"
  packages\bundle\mcmod\README.md: line 21: non-canonical Model Experience heading "## Model Experience\r"; use exactly "## Model Experience"
  packages\client\ui-layout\README.md: line 15: non-canonical Model Experience heading "## Model Experience\r"; use exactly "## Model Experience"
  packages\client\ui-mcmod-workbench\README.md: line 15: non-canonical Model Experience heading "## Model Experience\r"; use exactly "## Model Experience"
  packages\minecraft\mc-workbench\README.md: line 27: non-canonical Model Experience heading "## Model Experience\r"; use exactly "## Model Experience"
  packages\minecraft\mcmod-agent\README.md: line 31: non-canonical Model Experience heading "## Model Experience\r"; use exactly "## Model Experience"
  packages\minecraft\tool-mc-bootstrap\README.md: line 39: non-canonical Model Experience heading "## Model Experience\r"; use exactly "## Model Experience"
  packages\minecraft\tool-mc-project\README.md: line 32: non-canonical Model Experience heading "## Model Experience\r"; use exactly "## Model Experience"
[ELIFECYCLE] Command failed with exit code 1.
run-gates: PASS package README limitations (4.14s)
run-gates: PASS documentation site checks (6.96s)

run-gates: 21 passed, 7 failed, 0 skipped in 91.15s.
run-gates: unsuccessful gates:
  - FAILED doc graphs (21.19s, exit 1)
    pnpm run verify-doc-graphs
  - FAILED cordis catalog (25.36s, exit 1)
    pnpm run verify-cordis-catalog
  - FAILED translation pairing (27.73s, exit 1)
    pnpm run verify-translation-pairing
  - FAILED export jsdoc (8.51s, exit 1)
    pnpm run verify-export-jsdoc
  - FAILED package README model experience (4.49s, exit 1)
    pnpm run verify-package-readme-model-experience
  - FAILED agent note classification (0.92s, exit 1)
    pnpm run verify-agent-note-classification
  - FAILED agent note format (1.18s, exit 1)
    pnpm run verify-agent-note-format
[ELIFECYCLE] Command failed with exit code 1.
