The plugin "vite-tsconfig-paths" is detected. Vite now supports tsconfig paths resolution natively via the resolve.tsconfigPaths option. You can remove the plugin and set resolve.tsconfigPaths: true in your Vite config instead.

 RUN  v4.1.8 E:/.sake/Desktop/craftcode

-x-x

⎯⎯⎯⎯⎯⎯⎯ Failed Tests 2 ⎯⎯⎯⎯⎯⎯⎯

 FAIL  packages/minecraft/tool-mc-bootstrap/tests/real-build.e2e.ts > real host Minecraft bootstrap builds > builds the highest stable Fabric 1.21.x with the host wrapper
Error: fabric bootstrap failed: build-failed Gradle build failed with exit code 1
Minecraft bootstrap cd2fdafe-1f52-42ea-ae22-3398d1284875
Gradle Wrapper downloaded from the official Gradle source tree.
Resolving dependencies with mirror-first repositories; official fallback is enabled.
Fetching distribution.
Downloading https://mirrors.cloud.tencent.com/gradle/gradle-9.5.1-bin.zip
.............10%.............20%..............30%.............40%.............50%..............60%.............70%..............80%.............90%.............100%

Welcome to Gradle 9.5.1!

Here are the highlights of this release:
 - Task provenance in reports and failure messages
 - Type-safe accessors for precompiled Kotlin Settings plugins

For more details see https://docs.gradle.org/9.5.1/release-notes.html

To honour the JVM settings for this build a single-use Daemon process will be forked. For more on this, please refer to https://docs.gradle.org/9.5.1/userguide/gradle_daemon.html#sec:disabling_the_daemon in the Gradle documentation.
Daemon will be stopped at the end of the build 

> Configure project :
Fabric Loom: 1.17.20

Cannot remap modifiers because it does not exist in any of the targets [] or their parents.

> Configure project :
:remapping sources

FAILURE: Build failed with an exception.

* What went wrong:
A problem occurred configuring root project 'real_fabric'.
> Could not resolve all files for configuration ':minecraftLibraries'.
   > Could not resolve com.azure:azure-json:1.4.0.
     Required by:
         root project 'real_fabric'
      > Could not resolve com.azure:azure-json:1.4.0.
         > Could not parse POM https://libraries.minecraft.net/com/azure/azure-json/1.4.0/azure-json-1.4.0.pom
            > Could not resolve com.azure:azure-client-sdk-parent:1.7.0.
               > Repository Mojang is disabled due to earlier error below:
                  > Could not resolve org.lwjgl:lwjgl-opengl:3.3.3.
                     > Could not get resource 'https://libraries.minecraft.net/org/lwjgl/lwjgl-opengl/3.3.3/lwjgl-opengl-3.3.3.pom'.
                        > Could not GET 'https://libraries.minecraft.net/org/lwjgl/lwjgl-opengl/3.3.3/lwjgl-opengl-3.3.3.pom'.
                           > Got socket exception during request. It might be caused by SSL misconfiguration
                              > Connection reset
   > Could not resolve com.google.guava:failureaccess:1.0.3.
     Required by:
         root project 'real_fabric'
      > Could not resolve com.google.guava:failureaccess:1.0.3.
         > Could not get resource 'https://libraries.minecraft.net/com/google/guava/failureaccess/1.0.3/failureaccess-1.0.3.pom'.
            > Could not GET 'https://libraries.minecraft.net/com/google/guava/failureaccess/1.0.3/failureaccess-1.0.3.pom'.
               > Got socket exception during request. It might be caused by SSL misconfiguration
                  > Connection reset
   > Could not resolve com.microsoft.azure:msal4j:1.23.1.
     Required by:
         root project 'real_fabric'
      > Could not resolve com.microsoft.azure:msal4j:1.23.1.
         > Could not get resource 'https://libraries.minecraft.net/com/microsoft/azure/msal4j/1.23.1/msal4j-1.23.1.pom'.
            > Could not GET 'https://libraries.minecraft.net/com/microsoft/azure/msal4j/1.23.1/msal4j-1.23.1.pom'.
               > Got socket exception during request. It might be caused by SSL misconfiguration
                  > Connection reset
   > Could not resolve com.mojang:authlib:7.0.61.
     Required by:
         root project 'real_fabric'
      > Could not resolve com.mojang:authlib:7.0.61.
         > Could not get resource 'https://libraries.minecraft.net/com/mojang/authlib/7.0.61/authlib-7.0.61.pom'.
            > Could not GET 'https://libraries.minecraft.net/com/mojang/authlib/7.0.61/authlib-7.0.61.pom'.
               > Got socket exception during request. It might be caused by SSL misconfiguration
                  > Connection reset
   > Could not resolve com.mojang:brigadier:1.3.10.
     Required by:
         root project 'real_fabric'
      > Could not resolve com.mojang:brigadier:1.3.10.
         > Could not get resource 'https://libraries.minecraft.net/com/mojang/brigadier/1.3.10/brigadier-1.3.10.pom'.
            > Could not GET 'https://libraries.minecraft.net/com/mojang/brigadier/1.3.10/brigadier-1.3.10.pom'.
               > Got socket exception during request. It might be caused by SSL misconfiguration
                  > Connection reset
   > Could not resolve com.mojang:jtracy:1.0.37.
     Required by:
         root project 'real_fabric'
      > Could not resolve com.mojang:jtracy:1.0.37.
         > Could not get resource 'https://libraries.minecraft.net/com/mojang/jtracy/1.0.37/jtracy-1.0.37.pom'.
            > Could not GET 'https://libraries.minecraft.net/com/mojang/jtracy/1.0.37/jtracy-1.0.37.pom'.
               > Got socket exception during request. It might be caused by SSL misconfiguration
                  > Connection reset
   > Could not resolve com.mojang:patchy:2.2.10.
     Required by:
         root project 'real_fabric'
      > Could not resolve com.mojang:patchy:2.2.10.
         > Could not get resource 'https://libraries.minecraft.net/com/mojang/patchy/2.2.10/patchy-2.2.10.pom'.
            > Could not GET 'https://libraries.minecraft.net/com/mojang/patchy/2.2.10/patchy-2.2.10.pom'.
               > Got socket exception during request. It might be caused by SSL misconfiguration
                  > Connection reset
   > Could not resolve io.netty:netty-buffer:4.2.7.Final.
     Required by:
         root project 'real_fabric'
      > Could not resolve io.netty:netty-buffer:4.2.7.Final.
         > Could not get resource 'https://libraries.minecraft.net/io/netty/netty-buffer/4.2.7.Final/netty-buffer-4.2.7.Final.pom'.
            > Could not GET 'https://libraries.minecraft.net/io/netty/netty-buffer/4.2.7.Final/netty-buffer-4.2.7.Final.pom'.
               > Got socket exception during request. It might be caused by SSL misconfiguration
                  > Connection reset
   > Could not resolve io.netty:netty-codec-base:4.2.7.Final.
     Required by:
         root project 'real_fabric'
      > Could not resolve io.netty:netty-codec-base:4.2.7.Final.
         > Could not parse POM https://libraries.minecraft.net/io/netty/netty-codec-base/4.2.7.Final/netty-codec-base-4.2.7.Final.pom
            > Could not resolve io.netty:netty-parent:4.2.7.Final.
               > Could not resolve io.netty:netty-parent:4.2.7.Final.
                  > Could not get resource 'https://libraries.minecraft.net/io/netty/netty-parent/4.2.7.Final/netty-parent-4.2.7.Final.pom'.
                     > Could not GET 'https://libraries.minecraft.net/io/netty/netty-parent/4.2.7.Final/netty-parent-4.2.7.Final.pom'.
                        > Got socket exception during request. It might be caused by SSL misconfiguration
                           > Connection reset
   > Could not resolve io.netty:netty-codec-compression:4.2.7.Final.
     Required by:
         root project 'real_fabric'
      > Could not resolve io.netty:netty-codec-compression:4.2.7.Final.
         > Could not get resource 'https://libraries.minecraft.net/io/netty/netty-codec-compression/4.2.7.Final/netty-codec-compression-4.2.7.Final.pom'.
            > Could not GET 'https://libraries.minecraft.net/io/netty/netty-codec-compression/4.2.7.Final/netty-codec-compression-4.2.7.Final.pom'.
               > Got socket exception during request. It might be caused by SSL misconfiguration
                  > Connection reset
   > Could not resolve io.netty:netty-codec-http:4.2.7.Final.
     Required by:
         root project 'real_fabric'
      > Could not resolve io.netty:netty-codec-http:4.2.7.Final.
         > Could not get resource 'https://libraries.minecraft.net/io/netty/netty-codec-http/4.2.7.Final/netty-codec-http-4.2.7.Final.pom'.
            > Could not GET 'https://libraries.minecraft.net/io/netty/netty-codec-http/4.2.7.Final/netty-codec-http-4.2.7.Final.pom'.
               > Got socket exception during request. It might be caused by SSL misconfiguration
                  > Connection reset
   > Could not resolve io.netty:netty-common:4.2.7.Final.
     Required by:
         root project 'real_fabric'
      > Could not resolve io.netty:netty-common:4.2.7.Final.
         > Could not get resource 'https://libraries.minecraft.net/io/netty/netty-common/4.2.7.Final/netty-common-4.2.7.Final.pom'.
            > Could not GET 'https://libraries.minecraft.net/io/netty/netty-common/4.2.7.Final/netty-common-4.2.7.Final.pom'.
               > Got socket exception during request. It might be caused by SSL misconfiguration
                  > Connection reset
   > Could not resolve io.netty:netty-handler:4.2.7.Final.
     Required by:
         root project 'real_fabric'
      > Could not resolve io.netty:netty-handler:4.2.7.Final.
         > Could not get resource 'https://libraries.minecraft.net/io/netty/netty-handler/4.2.7.Final/netty-handler-4.2.7.Final.pom'.
            > Could not GET 'https://libraries.minecraft.net/io/netty/netty-handler/4.2.7.Final/netty-handler-4.2.7.Final.pom'.
               > Got socket exception during request. It might be caused by SSL misconfiguration
                  > Connection reset
   > Could not resolve io.netty:netty-resolver:4.2.7.Final.
     Required by:
         root project 'real_fabric'
      > Could not resolve io.netty:netty-resolver:4.2.7.Final.
         > Could not get resource 'https://libraries.minecraft.net/io/netty/netty-resolver/4.2.7.Final/netty-resolver-4.2.7.Final.pom'.
            > Could not GET 'https://libraries.minecraft.net/io/netty/netty-resolver/4.2.7.Final/netty-resolver-4.2.7.Final.pom'.
               > Got socket exception during request. It might be caused by SSL misconfiguration
                  > Connection reset
   > Could not resolve io.netty:netty-transport-classes-epoll:4.2.7.Final.
     Required by:
         root project 'real_fabric'
      > Could not resolve io.netty:netty-transport-classes-epoll:4.2.7.Final.
         > Could not get resource 'https://libraries.minecraft.net/io/netty/netty-transport-classes-epoll/4.2.7.Final/netty-transport-classes-epoll-4.2.7.Final.pom'.
            > Could not GET 'https://libraries.minecraft.net/io/netty/netty-transport-classes-epoll/4.2.7.Final/netty-transport-classes-epoll-4.2.7.Final.pom'.
               > Got socket exception during request. It might be caused by SSL misconfiguration
                  > Connection reset
   > Could not resolve io.netty:netty-transport:4.2.7.Final.
     Required by:
         root project 'real_fabric'
      > Could not resolve io.netty:netty-transport:4.2.7.Final.
         > Could not get resource 'https://libraries.minecraft.net/io/netty/netty-transport/4.2.7.Final/netty-transport-4.2.7.Final.pom'.
            > Could not GET 'https://libraries.minecraft.net/io/netty/netty-transport/4.2.7.Final/netty-transport-4.2.7.Final.pom'.
               > Got socket exception during request. It might be caused by SSL misconfiguration
                  > Connection reset
   > Could not resolve net.java.dev.jna:jna-platform:5.17.0.
     Required by:
         root project 'real_fabric'
      > Could not resolve net.java.dev.jna:jna-platform:5.17.0.
         > Could not get resource 'https://libraries.minecraft.net/net/java/dev/jna/jna-platform/5.17.0/jna-platform-5.17.0.pom'.
            > Could not GET 'https://libraries.minecraft.net/net/java/dev/jna/jna-platform/5.17.0/jna-platform-5.17.0.pom'.
               > Got socket exception during request. It might be caused by SSL misconfiguration
                  > Connection reset
   > Could not resolve net.sf.jopt-simple:jopt-simple:5.0.4.
     Required by:
         root project 'real_fabric'
      > Could not resolve net.sf.jopt-simple:jopt-simple:5.0.4.
         > Could not get resource 'https://libraries.minecraft.net/net/sf/jopt-simple/jopt-simple/5.0.4/jopt-simple-5.0.4.pom'.
            > Could not GET 'https://libraries.minecraft.net/net/sf/jopt-simple/jopt-simple/5.0.4/jopt-simple-5.0.4.pom'.
               > Got socket exception during request. It might be caused by SSL misconfiguration
                  > Connection reset
   > Could not resolve org.apache.commons:commons-compress:1.28.0.
     Required by:
         root project 'real_fabric'
      > Could not resolve org.apache.commons:commons-compress:1.28.0.
         > Could not get resource 'https://libraries.minecraft.net/org/apache/commons/commons-compress/1.28.0/commons-compress-1.28.0.pom'.
            > Could not GET 'https://libraries.minecraft.net/org/apache/commons/commons-compress/1.28.0/commons-compress-1.28.0.pom'.
               > Got socket exception during request. It might be caused by SSL misconfiguration
                  > Connection reset
   > Could not resolve org.apache.logging.log4j:log4j-api:2.25.2.
     Required by:
         root project 'real_fabric'
      > Could not resolve org.apache.logging.log4j:log4j-api:2.25.2.
         > Could not get resource 'https://libraries.minecraft.net/org/apache/logging/log4j/log4j-api/2.25.2/log4j-api-2.25.2.pom'.
            > Could not GET 'https://libraries.minecraft.net/org/apache/logging/log4j/log4j-api/2.25.2/log4j-api-2.25.2.pom'.
               > Got socket exception during request. It might be caused by SSL misconfiguration
                  > Connection reset
   > Could not resolve org.apache.logging.log4j:log4j-core:2.25.2.
     Required by:
         root project 'real_fabric'
      > Could not resolve org.apache.logging.log4j:log4j-core:2.25.2.
         > Could not get resource 'https://libraries.minecraft.net/org/apache/logging/log4j/log4j-core/2.25.2/log4j-core-2.25.2.pom'.
            > Could not GET 'https://libraries.minecraft.net/org/apache/logging/log4j/log4j-core/2.25.2/log4j-core-2.25.2.pom'.
               > Got socket exception during request. It might be caused by SSL misconfiguration
                  > Connection reset
   > Could not resolve org.joml:joml:1.10.8.
     Required by:
         root project 'real_fabric'
      > Could not resolve org.joml:joml:1.10.8.
         > Could not get resource 'https://libraries.minecraft.net/org/joml/joml/1.10.8/joml-1.10.8.pom'.
            > Could not GET 'https://libraries.minecraft.net/org/joml/joml/1.10.8/joml-1.10.8.pom'.
               > Got socket exception during request. It might be caused by SSL misconfiguration
                  > Connection reset
   > Could not resolve org.jspecify:jspecify:1.0.0.
     Required by:
         root project 'real_fabric'
      > Could not resolve org.jspecify:jspecify:1.0.0.
         > Could not get resource 'https://libraries.minecraft.net/org/jspecify/jspecify/1.0.0/jspecify-1.0.0.pom'.
            > Could not GET 'https://libraries.minecraft.net/org/jspecify/jspecify/1.0.0/jspecify-1.0.0.pom'.
               > Got socket exception during request. It might be caused by SSL misconfiguration
                  > Connection reset
   > Could not resolve org.lwjgl:lwjgl-jemalloc:3.3.3.
     Required by:
         root project 'real_fabric'
      > Could not resolve org.lwjgl:lwjgl-jemalloc:3.3.3.
         > Could not get resource 'https://libraries.minecraft.net/org/lwjgl/lwjgl-jemalloc/3.3.3/lwjgl-jemalloc-3.3.3.pom'.
            > Could not GET 'https://libraries.minecraft.net/org/lwjgl/lwjgl-jemalloc/3.3.3/lwjgl-jemalloc-3.3.3.pom'.
               > Got socket exception during request. It might be caused by SSL misconfiguration
                  > Connection reset
   > Could not resolve org.lwjgl:lwjgl-openal:3.3.3.
     Required by:
         root project 'real_fabric'
      > Could not resolve org.lwjgl:lwjgl-openal:3.3.3.
         > Could not get resource 'https://libraries.minecraft.net/org/lwjgl/lwjgl-openal/3.3.3/lwjgl-openal-3.3.3.pom'.
            > Could not GET 'https://libraries.minecraft.net/org/lwjgl/lwjgl-openal/3.3.3/lwjgl-openal-3.3.3.pom'.
               > Got socket exception during request. It might be caused by SSL misconfiguration
                  > Connection reset
   > Could not resolve org.lwjgl:lwjgl-stb:3.3.3.
     Required by:
         root project 'real_fabric'
      > Could not resolve org.lwjgl:lwjgl-stb:3.3.3.
         > Could not get resource 'https://libraries.minecraft.net/org/lwjgl/lwjgl-stb/3.3.3/lwjgl-stb-3.3.3.pom'.
            > Could not GET 'https://libraries.minecraft.net/org/lwjgl/lwjgl-stb/3.3.3/lwjgl-stb-3.3.3.pom'.
               > Got socket exception during request. It might be caused by SSL misconfiguration
                  > Connection reset
   > Could not resolve org.lwjgl:lwjgl-tinyfd:3.3.3.
     Required by:
         root project 'real_fabric'
      > Could not resolve org.lwjgl:lwjgl-tinyfd:3.3.3.
         > Could not get resource 'https://libraries.minecraft.net/org/lwjgl/lwjgl-tinyfd/3.3.3/lwjgl-tinyfd-3.3.3.pom'.
            > Could not GET 'https://libraries.minecraft.net/org/lwjgl/lwjgl-tinyfd/3.3.3/lwjgl-tinyfd-3.3.3.pom'.
               > Got socket exception during request. It might be caused by SSL misconfiguration
                  > Connection reset
   > Could not resolve org.lwjgl:lwjgl:3.3.3.
     Required by:
         root project 'real_fabric'
      > Could not resolve org.lwjgl:lwjgl:3.3.3.
         > Could not get resource 'https://libraries.minecraft.net/org/lwjgl/lwjgl/3.3.3/lwjgl-3.3.3.pom'.
            > Could not GET 'https://libraries.minecraft.net/org/lwjgl/lwjgl/3.3.3/lwjgl-3.3.3.pom'.
               > Got socket exception during request. It might be caused by SSL misconfiguration
                  > Connection reset
   > Could not resolve org.slf4j:slf4j-api:2.0.17.
     Required by:
         root project 'real_fabric'
      > Could not resolve org.slf4j:slf4j-api:2.0.17.
         > Could not get resource 'https://libraries.minecraft.net/org/slf4j/slf4j-api/2.0.17/slf4j-api-2.0.17.pom'.
            > Could not GET 'https://libraries.minecraft.net/org/slf4j/slf4j-api/2.0.17/slf4j-api-2.0.17.pom'.
               > Got socket exception during request. It might be caused by SSL misconfiguration
                  > Connection reset
> There are 12 more failures with identical causes.

* Try:
> Run with --stacktrace option to get the stack trace.
> Run with --info or --debug option to get more log output.
> Run with --scan to get full insights from a Build Scan (powered by Develocity).
> Get more help at https://help.gradle.org.

BUILD FAILED in 2m 2s
Mirror resolution failed; retrying once with official Gradle and Maven sources.
Fetching distribution.
Downloading https://services.gradle.org/distributions/gradle-9.5.1-bin.zip
.............10%.............20%..............30%.............40%.............50%..............60%.............70%..............80%.............90%.............100%
To honour the JVM settings for this build a single-use Daemon process will be forked. For more on this, please refer to https://docs.gradle.org/9.5.1/userguide/gradle_daemon.html#sec:disabling_the_daemon in the Gradle documentation.
Daemon will be stopped at the end of the build 

> Configure project :
Fabric Loom: 1.17.20
Refresh dependencies is in use, loom will be significantly slower.
Previous process has disowned the lock due to abrupt termination.
Found existing cache lock file (ACQUIRED_PREVIOUS_OWNER_DISOWNED), rebuilding loom cache. This may have been caused by a failed or canceled build.

FAILURE: Build failed with an exception.

* What went wrong:
A problem occurred configuring root project 'real_fabric'.
> Failed to notify project evaluation listener.
   > Failed to calculate the value of extension 'loom' property 'minecraftJarConfiguration'.
      > Failed download after 3 attempts
   > Failed to calculate the value of extension 'loom' property 'minecraftJarConfiguration'.
      > Failed download after 3 attempts
   > Failed to calculate the value of extension 'loom' property 'minecraftJarConfiguration'.
      > Failed download after 3 attempts

* Try:
> Run with --stacktrace option to get the stack trace.
> Run with --info or --debug option to get more log output.
> Run with --scan to get full insights from a Build Scan (powered by Develocity).
> Get more help at https://help.gradle.org.

BUILD FAILED in 14m 37s

 ❯ assertBuild packages/minecraft/tool-mc-bootstrap/tests/real-build.e2e.ts:75:13
     73|     const snapshot = await waitFor(service, started.operationId)
     74|     if (snapshot.status !== 'ready' || snapshot.projectPath === undefi…
     75|       throw new Error(`${entry.loader} bootstrap failed: ${snapshot.fa…
       |             ^
     76|     }
     77|     const project = snapshot.projectPath
 ❯ withRequiredJava packages/minecraft/tool-mc-bootstrap/tests/real-build.e2e.ts:111:16
 ❯ packages/minecraft/tool-mc-bootstrap/tests/real-build.e2e.ts:148:20

⎯⎯⎯⎯⎯⎯⎯⎯⎯⎯⎯⎯⎯⎯⎯⎯⎯⎯⎯⎯⎯⎯⎯⎯[1/6]⎯

 FAIL  packages/minecraft/tool-mc-bootstrap/tests/real-build.e2e.ts > real host Minecraft bootstrap builds > builds the highest stable Fabric 1.21.x with the host wrapper
Error: fabric bootstrap failed: wrapper-download Gradle Wrapper 下载失败: Error: Connection timed out
Minecraft bootstrap b98fac09-fd5d-4227-9fbe-ba1be370689c

 ❯ assertBuild packages/minecraft/tool-mc-bootstrap/tests/real-build.e2e.ts:75:13
     73|     const snapshot = await waitFor(service, started.operationId)
     74|     if (snapshot.status !== 'ready' || snapshot.projectPath === undefi…
     75|       throw new Error(`${entry.loader} bootstrap failed: ${snapshot.fa…
       |             ^
     76|     }
     77|     const project = snapshot.projectPath
 ❯ withRequiredJava packages/minecraft/tool-mc-bootstrap/tests/real-build.e2e.ts:111:16
 ❯ packages/minecraft/tool-mc-bootstrap/tests/real-build.e2e.ts:148:20

⎯⎯⎯⎯⎯⎯⎯⎯⎯⎯⎯⎯⎯⎯⎯⎯⎯⎯⎯⎯⎯⎯⎯⎯[2/6]⎯

 FAIL  packages/minecraft/tool-mc-bootstrap/tests/real-build.e2e.ts > real host Minecraft bootstrap builds > builds the highest stable Fabric 1.21.x with the host wrapper
Error: fabric bootstrap failed: wrapper-download Gradle Wrapper 下载失败: Error: Connection timed out
Minecraft bootstrap c4ccddc3-0e3a-4276-a7fb-80627625c6df

 ❯ assertBuild packages/minecraft/tool-mc-bootstrap/tests/real-build.e2e.ts:75:13
     73|     const snapshot = await waitFor(service, started.operationId)
     74|     if (snapshot.status !== 'ready' || snapshot.projectPath === undefi…
     75|       throw new Error(`${entry.loader} bootstrap failed: ${snapshot.fa…
       |             ^
     76|     }
     77|     const project = snapshot.projectPath
 ❯ withRequiredJava packages/minecraft/tool-mc-bootstrap/tests/real-build.e2e.ts:111:16
 ❯ packages/minecraft/tool-mc-bootstrap/tests/real-build.e2e.ts:148:20

⎯⎯⎯⎯⎯⎯⎯⎯⎯⎯⎯⎯⎯⎯⎯⎯⎯⎯⎯⎯⎯⎯⎯⎯[3/6]⎯

 FAIL  packages/minecraft/tool-mc-bootstrap/tests/real-build.e2e.ts > real host Minecraft bootstrap builds > builds the highest stable NeoForge 1.21.x with the host wrapper
Error: neoforge bootstrap failed: wrapper-download Gradle Wrapper 下载失败: Error: Connection timed out
Minecraft bootstrap d1e7ca00-e8d3-4353-9096-18776b652438

 ❯ assertBuild packages/minecraft/tool-mc-bootstrap/tests/real-build.e2e.ts:75:13
     73|     const snapshot = await waitFor(service, started.operationId)
     74|     if (snapshot.status !== 'ready' || snapshot.projectPath === undefi…
     75|       throw new Error(`${entry.loader} bootstrap failed: ${snapshot.fa…
       |             ^
     76|     }
     77|     const project = snapshot.projectPath
 ❯ withRequiredJava packages/minecraft/tool-mc-bootstrap/tests/real-build.e2e.ts:111:16
 ❯ packages/minecraft/tool-mc-bootstrap/tests/real-build.e2e.ts:160:20

⎯⎯⎯⎯⎯⎯⎯⎯⎯⎯⎯⎯⎯⎯⎯⎯⎯⎯⎯⎯⎯⎯⎯⎯[4/6]⎯

 FAIL  packages/minecraft/tool-mc-bootstrap/tests/real-build.e2e.ts > real host Minecraft bootstrap builds > builds the highest stable NeoForge 1.21.x with the host wrapper
Error: neoforge bootstrap failed: wrapper-download Gradle Wrapper 下载失败: Error: Connection timed out
Minecraft bootstrap 2693abf3-7b02-453e-ae23-93b8d5691b9c

 ❯ assertBuild packages/minecraft/tool-mc-bootstrap/tests/real-build.e2e.ts:75:13
     73|     const snapshot = await waitFor(service, started.operationId)
     74|     if (snapshot.status !== 'ready' || snapshot.projectPath === undefi…
     75|       throw new Error(`${entry.loader} bootstrap failed: ${snapshot.fa…
       |             ^
     76|     }
     77|     const project = snapshot.projectPath
 ❯ withRequiredJava packages/minecraft/tool-mc-bootstrap/tests/real-build.e2e.ts:111:16
 ❯ packages/minecraft/tool-mc-bootstrap/tests/real-build.e2e.ts:160:20

⎯⎯⎯⎯⎯⎯⎯⎯⎯⎯⎯⎯⎯⎯⎯⎯⎯⎯⎯⎯⎯⎯⎯⎯[5/6]⎯

 FAIL  packages/minecraft/tool-mc-bootstrap/tests/real-build.e2e.ts > real host Minecraft bootstrap builds > builds the highest stable NeoForge 1.21.x with the host wrapper
Error: neoforge bootstrap failed: wrapper-download Gradle Wrapper 下载失败: Error: Connection timed out
Minecraft bootstrap 723cc7db-751a-44e4-be2f-d6fd798755a3

 ❯ assertBuild packages/minecraft/tool-mc-bootstrap/tests/real-build.e2e.ts:75:13
     73|     const snapshot = await waitFor(service, started.operationId)
     74|     if (snapshot.status !== 'ready' || snapshot.projectPath === undefi…
     75|       throw new Error(`${entry.loader} bootstrap failed: ${snapshot.fa…
       |             ^
     76|     }
     77|     const project = snapshot.projectPath
 ❯ withRequiredJava packages/minecraft/tool-mc-bootstrap/tests/real-build.e2e.ts:111:16
 ❯ packages/minecraft/tool-mc-bootstrap/tests/real-build.e2e.ts:160:20

⎯⎯⎯⎯⎯⎯⎯⎯⎯⎯⎯⎯⎯⎯⎯⎯⎯⎯⎯⎯⎯⎯⎯⎯[6/6]⎯


 Test Files  1 failed (1)
      Tests  2 failed | 2 skipped (4)
   Start at  01:41:12
   Duration  1108.60s (transform 678ms, setup 313ms, import 583ms, tests 1107.55s, environment 0ms)

